../Core/Src/display.c:10:6:displayFirstLedCouple	16	static
../Core/Src/display.c:39:6:displaySecondLedCouple	16	static
../Core/Src/display.c:66:6:toggleLeds	16	static
../Core/Src/display.c:84:6:toggleLedsRed	8	static
../Core/Src/display.c:88:6:toggleLedsYellow	8	static
../Core/Src/display.c:92:6:toggleLedsGreen	8	static
../Core/Src/display.c:98:6:displaySEG7_1	16	static
../Core/Src/display.c:206:6:displaySEG7_2	16	static
../Core/Src/display.c:311:6:enable0	8	static
../Core/Src/display.c:316:6:enable1	8	static
../Core/Src/display.c:321:6:enable2	8	static
../Core/Src/display.c:326:6:enable3	8	static
../Core/Src/display.c:330:6:enable4	8	static
../Core/Src/display.c:335:6:enable5	8	static
../Core/Src/display.c:339:6:showTimeDelay_First	16	static
../Core/Src/display.c:348:6:showTimeDelay_Second	16	static
../Core/Src/display.c:356:6:showTimeDelay1	16	static
../Core/Src/display.c:361:6:showTimeDelay2	16	static
