../Core/Src/main.c:69:6:led1	8	static
../Core/Src/main.c:72:6:led2	8	static
../Core/Src/main.c:75:6:led3	8	static
../Core/Src/main.c:78:6:led4	8	static
../Core/Src/main.c:81:6:led5	8	static
../Core/Src/main.c:86:5:main	8	static
../Core/Src/main.c:143:6:SystemClock_Config	72	static
../Core/Src/main.c:179:13:MX_TIM2_Init	32	static
../Core/Src/main.c:224:13:MX_USART2_UART_Init	8	static
../Core/Src/main.c:257:13:MX_GPIO_Init	32	static
../Core/Src/main.c:280:6:HAL_TIM_PeriodElapsedCallback	16	static
../Core/Src/main.c:290:6:Error_Handler	4	static,ignoring_inline_asm
