Archive member included to satisfy reference by file (symbol)

D:/STM32CubeIDE_1.13.1/STM32CubeIDE/plugins/com.st.stm32cube.ide.mcu.externaltools.gnu-tools-for-stm32.11.3.rel1.win32_1.1.0.202305231506/tools/bin/../lib/gcc/arm-none-eabi/11.3.1/../../../../arm-none-eabi/lib/thumb/v7-m/nofp\libc_nano.a(libc_a-exit.o)
                              D:/STM32CubeIDE_1.13.1/STM32CubeIDE/plugins/com.st.stm32cube.ide.mcu.externaltools.gnu-tools-for-stm32.11.3.rel1.win32_1.1.0.202305231506/tools/bin/../lib/gcc/arm-none-eabi/11.3.1/../../../../arm-none-eabi/lib/thumb/v7-m/nofp/crt0.o (exit)
D:/STM32CubeIDE_1.13.1/STM32CubeIDE/plugins/com.st.stm32cube.ide.mcu.externaltools.gnu-tools-for-stm32.11.3.rel1.win32_1.1.0.202305231506/tools/bin/../lib/gcc/arm-none-eabi/11.3.1/../../../../arm-none-eabi/lib/thumb/v7-m/nofp\libc_nano.a(libc_a-findfp.o)
                              D:/STM32CubeIDE_1.13.1/STM32CubeIDE/plugins/com.st.stm32cube.ide.mcu.externaltools.gnu-tools-for-stm32.11.3.rel1.win32_1.1.0.202305231506/tools/bin/../lib/gcc/arm-none-eabi/11.3.1/../../../../arm-none-eabi/lib/thumb/v7-m/nofp\libc_nano.a(libc_a-exit.o) (__stdio_exit_handler)
D:/STM32CubeIDE_1.13.1/STM32CubeIDE/plugins/com.st.stm32cube.ide.mcu.externaltools.gnu-tools-for-stm32.11.3.rel1.win32_1.1.0.202305231506/tools/bin/../lib/gcc/arm-none-eabi/11.3.1/../../../../arm-none-eabi/lib/thumb/v7-m/nofp\libc_nano.a(libc_a-fwalk.o)
                              D:/STM32CubeIDE_1.13.1/STM32CubeIDE/plugins/com.st.stm32cube.ide.mcu.externaltools.gnu-tools-for-stm32.11.3.rel1.win32_1.1.0.202305231506/tools/bin/../lib/gcc/arm-none-eabi/11.3.1/../../../../arm-none-eabi/lib/thumb/v7-m/nofp\libc_nano.a(libc_a-findfp.o) (_fwalk_sglue)
D:/STM32CubeIDE_1.13.1/STM32CubeIDE/plugins/com.st.stm32cube.ide.mcu.externaltools.gnu-tools-for-stm32.11.3.rel1.win32_1.1.0.202305231506/tools/bin/../lib/gcc/arm-none-eabi/11.3.1/../../../../arm-none-eabi/lib/thumb/v7-m/nofp\libc_nano.a(libc_a-sprintf.o)
                              ./Core/Src/scheduler.o (sprintf)
D:/STM32CubeIDE_1.13.1/STM32CubeIDE/plugins/com.st.stm32cube.ide.mcu.externaltools.gnu-tools-for-stm32.11.3.rel1.win32_1.1.0.202305231506/tools/bin/../lib/gcc/arm-none-eabi/11.3.1/../../../../arm-none-eabi/lib/thumb/v7-m/nofp\libc_nano.a(libc_a-stdio.o)
                              D:/STM32CubeIDE_1.13.1/STM32CubeIDE/plugins/com.st.stm32cube.ide.mcu.externaltools.gnu-tools-for-stm32.11.3.rel1.win32_1.1.0.202305231506/tools/bin/../lib/gcc/arm-none-eabi/11.3.1/../../../../arm-none-eabi/lib/thumb/v7-m/nofp\libc_nano.a(libc_a-findfp.o) (__sread)
D:/STM32CubeIDE_1.13.1/STM32CubeIDE/plugins/com.st.stm32cube.ide.mcu.externaltools.gnu-tools-for-stm32.11.3.rel1.win32_1.1.0.202305231506/tools/bin/../lib/gcc/arm-none-eabi/11.3.1/../../../../arm-none-eabi/lib/thumb/v7-m/nofp\libc_nano.a(libc_a-memset.o)
                              D:/STM32CubeIDE_1.13.1/STM32CubeIDE/plugins/com.st.stm32cube.ide.mcu.externaltools.gnu-tools-for-stm32.11.3.rel1.win32_1.1.0.202305231506/tools/bin/../lib/gcc/arm-none-eabi/11.3.1/../../../../arm-none-eabi/lib/thumb/v7-m/nofp/crt0.o (memset)
D:/STM32CubeIDE_1.13.1/STM32CubeIDE/plugins/com.st.stm32cube.ide.mcu.externaltools.gnu-tools-for-stm32.11.3.rel1.win32_1.1.0.202305231506/tools/bin/../lib/gcc/arm-none-eabi/11.3.1/../../../../arm-none-eabi/lib/thumb/v7-m/nofp\libc_nano.a(libc_a-closer.o)
                              D:/STM32CubeIDE_1.13.1/STM32CubeIDE/plugins/com.st.stm32cube.ide.mcu.externaltools.gnu-tools-for-stm32.11.3.rel1.win32_1.1.0.202305231506/tools/bin/../lib/gcc/arm-none-eabi/11.3.1/../../../../arm-none-eabi/lib/thumb/v7-m/nofp\libc_nano.a(libc_a-stdio.o) (_close_r)
D:/STM32CubeIDE_1.13.1/STM32CubeIDE/plugins/com.st.stm32cube.ide.mcu.externaltools.gnu-tools-for-stm32.11.3.rel1.win32_1.1.0.202305231506/tools/bin/../lib/gcc/arm-none-eabi/11.3.1/../../../../arm-none-eabi/lib/thumb/v7-m/nofp\libc_nano.a(libc_a-reent.o)
                              D:/STM32CubeIDE_1.13.1/STM32CubeIDE/plugins/com.st.stm32cube.ide.mcu.externaltools.gnu-tools-for-stm32.11.3.rel1.win32_1.1.0.202305231506/tools/bin/../lib/gcc/arm-none-eabi/11.3.1/../../../../arm-none-eabi/lib/thumb/v7-m/nofp\libc_nano.a(libc_a-closer.o) (errno)
D:/STM32CubeIDE_1.13.1/STM32CubeIDE/plugins/com.st.stm32cube.ide.mcu.externaltools.gnu-tools-for-stm32.11.3.rel1.win32_1.1.0.202305231506/tools/bin/../lib/gcc/arm-none-eabi/11.3.1/../../../../arm-none-eabi/lib/thumb/v7-m/nofp\libc_nano.a(libc_a-impure.o)
                              D:/STM32CubeIDE_1.13.1/STM32CubeIDE/plugins/com.st.stm32cube.ide.mcu.externaltools.gnu-tools-for-stm32.11.3.rel1.win32_1.1.0.202305231506/tools/bin/../lib/gcc/arm-none-eabi/11.3.1/../../../../arm-none-eabi/lib/thumb/v7-m/nofp\libc_nano.a(libc_a-sprintf.o) (_impure_ptr)
[...]
Memory Configuration

Name             Origin             Length             Attributes
RAM              0x0000000020000000 0x0000000000002800 xrw
FLASH            0x0000000008000000 0x0000000000008000 xr
*default*        0x0000000000000000 0xffffffffffffffff

Linker script and memory map

LOAD D:/STM32CubeIDE_1.13.1/STM32CubeIDE/plugins/com.st.stm32cube.ide.mcu.externaltools.gnu-tools-for-stm32.11.3.rel1.win32_1.1.0.202305231506/tools/bin/../lib/gcc/arm-none-eabi/11.3.1/thumb/v7-m/nofp/crti.o
LOAD D:/STM32CubeIDE_1.13.1/STM32CubeIDE/plugins/com.st.stm32cube.ide.mcu.externaltools.gnu-tools-for-stm32.11.3.rel1.win32_1.1.0.202305231506/tools/bin/../lib/gcc/arm-none-eabi/11.3.1/thumb/v7-m/nofp/crtbegin.o
LOAD D:/STM32CubeIDE_1.13.1/STM32CubeIDE/plugins/com.st.stm32cube.ide.mcu.externaltools.gnu-tools-for-stm32.11.3.rel1.win32_1.1.0.202305231506/tools/bin/../lib/gcc/arm-none-eabi/11.3.1/../../../../arm-none-eabi/lib/thumb/v7-m/nofp/crt0.o
LOAD ./Core/Src/auto.o
LOAD ./Core/Src/button.o
LOAD ./Core/Src/display.o
LOAD ./Core/Src/global.o
LOAD ./Core/Src/main.o
LOAD ./Core/Src/manual.o
LOAD ./Core/Src/scheduler.o
LOAD ./Core/Src/software_timer.o
LOAD ./Core/Src/stm32f1xx_hal_msp.o
LOAD ./Core/Src/stm32f1xx_it.o
LOAD ./Core/Src/syscalls.o
LOAD ./Core/Src/sysmem.o
LOAD ./Core/Src/system_stm32f1xx.o
LOAD ./Core/Startup/startup_stm32f103c6ux.o
LOAD ./Drivers/STM32F1xx_HAL_Driver/Src/stm32f1xx_hal.o
LOAD ./Drivers/STM32F1xx_HAL_Driver/Src/stm32f1xx_hal_cortex.o
LOAD ./Drivers/STM32F1xx_HAL_Driver/Src/stm32f1xx_hal_dma.o
LOAD ./Drivers/STM32F1xx_HAL_Driver/Src/stm32f1xx_hal_exti.o
LOAD ./Drivers/STM32F1xx_HAL_Driver/Src/stm32f1xx_hal_flash.o
LOAD ./Drivers/STM32F1xx_HAL_Driver/Src/stm32f1xx_hal_flash_ex.o
LOAD ./Drivers/STM32F1xx_HAL_Driver/Src/stm32f1xx_hal_gpio.o
LOAD ./Drivers/STM32F1xx_HAL_Driver/Src/stm32f1xx_hal_gpio_ex.o
LOAD ./Drivers/STM32F1xx_HAL_Driver/Src/stm32f1xx_hal_pwr.o
LOAD ./Drivers/STM32F1xx_HAL_Driver/Src/stm32f1xx_hal_rcc.o
LOAD ./Drivers/STM32F1xx_HAL_Driver/Src/stm32f1xx_hal_rcc_ex.o
LOAD ./Drivers/STM32F1xx_HAL_Driver/Src/stm32f1xx_hal_tim.o
LOAD ./Drivers/STM32F1xx_HAL_Driver/Src/stm32f1xx_hal_tim_ex.o
LOAD ./Drivers/STM32F1xx_HAL_Driver/Src/stm32f1xx_hal_uart.o
START GROUP
LOAD D:/STM32CubeIDE_1.13.1/STM32CubeIDE/plugins/com.st.stm32cube.ide.mcu.externaltools.gnu-tools-for-stm32.11.3.rel1.win32_1.1.0.202305231506/tools/bin/../lib/gcc/arm-none-eabi/11.3.1/../../../../arm-none-eabi/lib/thumb/v7-m/nofp\libc_nano.a
LOAD D:/STM32CubeIDE_1.13.1/STM32CubeIDE/plugins/com.st.stm32cube.ide.mcu.externaltools.gnu-tools-for-stm32.11.3.rel1.win32_1.1.0.202305231506/tools/bin/../lib/gcc/arm-none-eabi/11.3.1/../../../../arm-none-eabi/lib/thumb/v7-m/nofp\libm.a
END GROUP
START GROUP
LOAD D:/STM32CubeIDE_1.13.1/STM32CubeIDE/plugins/com.st.stm32cube.ide.mcu.externaltools.gnu-tools-for-stm32.11.3.rel1.win32_1.1.0.202305231506/tools/bin/../lib/gcc/arm-none-eabi/11.3.1/thumb/v7-m/nofp\libgcc.a
LOAD D:/STM32CubeIDE_1.13.1/STM32CubeIDE/plugins/com.st.stm32cube.ide.mcu.externaltools.gnu-tools-for-stm32.11.3.rel1.win32_1.1.0.202305231506/tools/bin/../lib/gcc/arm-none-eabi/11.3.1/../../../../arm-none-eabi/lib/thumb/v7-m/nofp\libc_nano.a
END GROUP
START GROUP
LOAD D:/STM32CubeIDE_1.13.1/STM32CubeIDE/plugins/com.st.stm32cube.ide.mcu.externaltools.gnu-tools-for-stm32.11.3.rel1.win32_1.1.0.202305231506/tools/bin/../lib/gcc/arm-none-eabi/11.3.1/thumb/v7-m/nofp\libgcc.a
LOAD D:/STM32CubeIDE_1.13.1/STM32CubeIDE/plugins/com.st.stm32cube.ide.mcu.externaltools.gnu-tools-for-stm32.11.3.rel1.win32_1.1.0.202305231506/tools/bin/../lib/gcc/arm-none-eabi/11.3.1/../../../../arm-none-eabi/lib/thumb/v7-m/nofp\libc_nano.a
LOAD D:/STM32CubeIDE_1.13.1/STM32CubeIDE/plugins/com.st.stm32cube.ide.mcu.externaltools.gnu-tools-for-stm32.11.3.rel1.win32_1.1.0.202305231506/tools/bin/../lib/gcc/arm-none-eabi/11.3.1/../../../../arm-none-eabi/lib/thumb/v7-m/nofp\libnosys.a
END GROUP
START GROUP
LOAD D:/STM32CubeIDE_1.13.1/STM32CubeIDE/plugins/com.st.stm32cube.ide.mcu.externaltools.gnu-tools-for-stm32.11.3.rel1.win32_1.1.0.202305231506/tools/bin/../lib/gcc/arm-none-eabi/11.3.1/thumb/v7-m/nofp\libgcc.a
LOAD D:/STM32CubeIDE_1.13.1/STM32CubeIDE/plugins/com.st.stm32cube.ide.mcu.externaltools.gnu-tools-for-stm32.11.3.rel1.win32_1.1.0.202305231506/tools/bin/../lib/gcc/arm-none-eabi/11.3.1/../../../../arm-none-eabi/lib/thumb/v7-m/nofp\libc_nano.a
LOAD D:/STM32CubeIDE_1.13.1/STM32CubeIDE/plugins/com.st.stm32cube.ide.mcu.externaltools.gnu-tools-for-stm32.11.3.rel1.win32_1.1.0.202305231506/tools/bin/../lib/gcc/arm-none-eabi/11.3.1/../../../../arm-none-eabi/lib/thumb/v7-m/nofp\libnosys.a
END GROUP
LOAD D:/STM32CubeIDE_1.13.1/STM32CubeIDE/plugins/com.st.stm32cube.ide.mcu.externaltools.gnu-tools-for-stm32.11.3.rel1.win32_1.1.0.202305231506/tools/bin/../lib/gcc/arm-none-eabi/11.3.1/thumb/v7-m/nofp/crtend.o
LOAD D:/STM32CubeIDE_1.13.1/STM32CubeIDE/plugins/com.st.stm32cube.ide.mcu.externaltools.gnu-tools-for-stm32.11.3.rel1.win32_1.1.0.202305231506/tools/bin/../lib/gcc/arm-none-eabi/11.3.1/thumb/v7-m/nofp/crtn.o
                0x0000000020002800                _estack = (ORIGIN (RAM) + LENGTH (RAM))
                0x0000000000000200                _Min_Heap_Size = 0x200
                0x0000000000000400                _Min_Stack_Size = 0x400

.isr_vector     0x0000000008000000      0x10c
                0x0000000008000000                . = ALIGN (0x4)
 *(.isr_vector)
 .isr_vector    0x0000000008000000      0x10c ./Core/Startup/startup_stm32f103c6ux.o
                0x0000000008000000                g_pfnVectors
                0x000000000800010c                . = ALIGN (0x4)

.text           0x000000000800010c     0x4a3c
                0x000000000800010c                . = ALIGN (0x4)
 *(.text)
 .text          0x000000000800010c       0x40 D:/STM32CubeIDE_1.13.1/STM32CubeIDE/plugins/com.st.stm32cube.ide.mcu.externaltools.gnu-tools-for-stm32.11.3.rel1.win32_1.1.0.202305231506/tools/bin/../lib/gcc/arm-none-eabi/11.3.1/thumb/v7-m/nofp/crtbegin.o
 *(.text*)
 .text.RED_GREEN
                0x000000000800014c       0xa8 ./Core/Src/auto.o
                0x000000000800014c                RED_GREEN
 .text.RED_YELLOW
                0x00000000080001f4       0xb4 ./Core/Src/auto.o
                0x00000000080001f4                RED_YELLOW
 .text.GREEN_RED
                0x00000000080002a8       0xa8 ./Core/Src/auto.o
                0x00000000080002a8                GREEN_RED
 .text.YELLOW_RED
                0x0000000008000350       0xb4 ./Core/Src/auto.o
                0x0000000008000350                YELLOW_RED
 .text.seg_fsm  0x0000000008000404       0x54 ./Core/Src/auto.o
                0x0000000008000404                seg_fsm
 .text.isButtonPressed
                0x0000000008000458       0x34 ./Core/Src/button.o
                0x0000000008000458                isButtonPressed
 .text.subKeyProcess
                0x000000000800048c       0x20 ./Core/Src/button.o
                0x000000000800048c                subKeyProcess
 .text.getKeyInput
                0x00000000080004ac      0x154 ./Core/Src/button.o
                0x00000000080004ac                getKeyInput
 .text.displayFirstLedCouple
                0x0000000008000600       0xb8 ./Core/Src/display.o
                0x0000000008000600                displayFirstLedCouple
 .text.displaySecondLedCouple
                0x00000000080006b8       0xc8 ./Core/Src/display.o
                0x00000000080006b8                displaySecondLedCouple
 .text.displaySEG7_1
                0x0000000008000780      0x320 ./Core/Src/display.o
                0x0000000008000780                displaySEG7_1
 .text.displaySEG7_2
                0x0000000008000aa0      0x398 ./Core/Src/display.o
                0x0000000008000aa0                displaySEG7_2
 .text.enable0  0x0000000008000e38       0x24 ./Core/Src/display.o
                0x0000000008000e38                enable0
 .text.enable1  0x0000000008000e5c       0x24 ./Core/Src/display.o
                0x0000000008000e5c                enable1
 .text.enable2  0x0000000008000e80       0x24 ./Core/Src/display.o
                0x0000000008000e80                enable2
 .text.enable3  0x0000000008000ea4       0x24 ./Core/Src/display.o
                0x0000000008000ea4                enable3
 .text.enable4  0x0000000008000ec8       0x24 ./Core/Src/display.o
                0x0000000008000ec8                enable4
 .text.enable5  0x0000000008000eec       0x24 ./Core/Src/display.o
                0x0000000008000eec                enable5
 .text.showTimeDelay_First
                0x0000000008000f10       0x54 ./Core/Src/display.o
                0x0000000008000f10                showTimeDelay_First
 .text.showTimeDelay_Second
                0x0000000008000f64       0x68 ./Core/Src/display.o
                0x0000000008000f64                showTimeDelay_Second
 .text.showTimeDelay1
                0x0000000008000fcc       0x34 ./Core/Src/display.o
                0x0000000008000fcc                showTimeDelay1
 .text.showTimeDelay2
                0x0000000008001000       0x3c ./Core/Src/display.o
                0x0000000008001000                showTimeDelay2
 .text.setValues
                0x000000000800103c       0x54 ./Core/Src/global.o
                0x000000000800103c                setValues
 .text.main     0x0000000008001090       0x5c ./Core/Src/main.o
                0x0000000008001090                main
 .text.SystemClock_Config
                0x00000000080010ec       0x76 ./Core/Src/main.o
                0x00000000080010ec                SystemClock_Config
 *fill*         0x0000000008001162        0x2 
 .text.MX_TIM2_Init
                0x0000000008001164       0x98 ./Core/Src/main.o
 .text.MX_USART2_UART_Init
                0x00000000080011fc       0x54 ./Core/Src/main.o
 .text.MX_GPIO_Init
                0x0000000008001250       0xfc ./Core/Src/main.o
 .text.HAL_TIM_PeriodElapsedCallback
                0x000000000800134c       0x1c ./Core/Src/main.o
                0x000000000800134c                HAL_TIM_PeriodElapsedCallback
 .text.Error_Handler
                0x0000000008001368        0xa ./Core/Src/main.o
                0x0000000008001368                Error_Handler
 *fill*         0x0000000008001372        0x2 
 .text.displayIncreaseRed
                0x0000000008001374       0x44 ./Core/Src/manual.o
                0x0000000008001374                displayIncreaseRed
 .text.displayIncreaseYellow
                0x00000000080013b8       0x44 ./Core/Src/manual.o
                0x00000000080013b8                displayIncreaseYellow
 .text.displayIncreaseGreen
                0x00000000080013fc       0x44 ./Core/Src/manual.o
                0x00000000080013fc                displayIncreaseGreen
 .text.MODE2    0x0000000008001440       0xd8 ./Core/Src/manual.o
                0x0000000008001440                MODE2
 .text.MODE3    0x0000000008001518       0xd8 ./Core/Src/manual.o
                0x0000000008001518                MODE3
 .text.MODE4    0x00000000080015f0       0xd0 ./Core/Src/manual.o
                0x00000000080015f0                MODE4
 .text.SCH_Init
                0x00000000080016c0       0x8c ./Core/Src/scheduler.o
                0x00000000080016c0                SCH_Init
 .text.SCH_Update
                0x000000000800174c      0x10c ./Core/Src/scheduler.o
                0x000000000800174c                SCH_Update
 .text.SCH_Add_Task
                0x0000000008001858       0xbc ./Core/Src/scheduler.o
                0x0000000008001858                SCH_Add_Task
 .text.SCH_Dispatch_Task
                0x0000000008001914       0xcc ./Core/Src/scheduler.o
                0x0000000008001914                SCH_Dispatch_Task
 .text.SCH_Delete_Task
                0x00000000080019e0       0xa4 ./Core/Src/scheduler.o
                0x00000000080019e0                SCH_Delete_Task
 .text.update_time
                0x0000000008001a84       0x1c ./Core/Src/scheduler.o
                0x0000000008001a84                update_time
 .text.timestamp
                0x0000000008001aa0       0x64 ./Core/Src/scheduler.o
                0x0000000008001aa0                timestamp
 .text.HAL_MspInit
                0x0000000008001b04       0x64 ./Core/Src/stm32f1xx_hal_msp.o
                0x0000000008001b04                HAL_MspInit
 .text.HAL_TIM_Base_MspInit
                0x0000000008001b68       0x48 ./Core/Src/stm32f1xx_hal_msp.o
                0x0000000008001b68                HAL_TIM_Base_MspInit
 .text.HAL_UART_MspInit
                0x0000000008001bb0       0xa4 ./Core/Src/stm32f1xx_hal_msp.o
                0x0000000008001bb0                HAL_UART_MspInit
 .text.NMI_Handler
                0x0000000008001c54        0x6 ./Core/Src/stm32f1xx_it.o
                0x0000000008001c54                NMI_Handler
 .text.HardFault_Handler
                0x0000000008001c5a        0x6 ./Core/Src/stm32f1xx_it.o
                0x0000000008001c5a                HardFault_Handler
 .text.MemManage_Handler
                0x0000000008001c60        0x6 ./Core/Src/stm32f1xx_it.o
                0x0000000008001c60                MemManage_Handler
 .text.BusFault_Handler
                0x0000000008001c66        0x6 ./Core/Src/stm32f1xx_it.o
                0x0000000008001c66                BusFault_Handler
 .text.UsageFault_Handler
                0x0000000008001c6c        0x6 ./Core/Src/stm32f1xx_it.o
                0x0000000008001c6c                UsageFault_Handler
 .text.SVC_Handler
                0x0000000008001c72        0xc ./Core/Src/stm32f1xx_it.o
                0x0000000008001c72                SVC_Handler
 .text.DebugMon_Handler
                0x0000000008001c7e        0xc ./Core/Src/stm32f1xx_it.o
                0x0000000008001c7e                DebugMon_Handler
 .text.PendSV_Handler
                0x0000000008001c8a        0xc ./Core/Src/stm32f1xx_it.o
                0x0000000008001c8a                PendSV_Handler
 .text.SysTick_Handler
                0x0000000008001c96        0xc ./Core/Src/stm32f1xx_it.o
                0x0000000008001c96                SysTick_Handler
 *fill*         0x0000000008001ca2        0x2 
 .text.TIM2_IRQHandler
                0x0000000008001ca4       0x14 ./Core/Src/stm32f1xx_it.o
                0x0000000008001ca4                TIM2_IRQHandler
 .text.USART2_IRQHandler
                0x0000000008001cb8       0x14 ./Core/Src/stm32f1xx_it.o
                0x0000000008001cb8                USART2_IRQHandler
 .text._sbrk    0x0000000008001ccc       0x6c ./Core/Src/sysmem.o
                0x0000000008001ccc                _sbrk
 .text.SystemInit
                0x0000000008001d38        0xc ./Core/Src/system_stm32f1xx.o
                0x0000000008001d38                SystemInit
 .text.Reset_Handler
                0x0000000008001d44       0x48 ./Core/Startup/startup_stm32f103c6ux.o
                0x0000000008001d44                Reset_Handler
 .text.Default_Handler
                0x0000000008001d8c        0x2 ./Core/Startup/startup_stm32f103c6ux.o
                0x0000000008001d8c                RTC_Alarm_IRQHandler
                0x0000000008001d8c                EXTI2_IRQHandler
                0x0000000008001d8c                TIM1_CC_IRQHandler
                0x0000000008001d8c                PVD_IRQHandler
                0x0000000008001d8c                EXTI3_IRQHandler
                0x0000000008001d8c                EXTI0_IRQHandler
                0x0000000008001d8c                ADC1_2_IRQHandler
                0x0000000008001d8c                SPI1_IRQHandler
                0x0000000008001d8c                TAMPER_IRQHandler
                0x0000000008001d8c                DMA1_Channel4_IRQHandler
                0x0000000008001d8c                RTC_IRQHandler
                0x0000000008001d8c                DMA1_Channel7_IRQHandler
                0x0000000008001d8c                CAN1_RX1_IRQHandler
                0x0000000008001d8c                I2C1_EV_IRQHandler
                0x0000000008001d8c                DMA1_Channel6_IRQHandler
                0x0000000008001d8c                TIM3_IRQHandler
                0x0000000008001d8c                RCC_IRQHandler
                0x0000000008001d8c                TIM1_TRG_COM_IRQHandler
                0x0000000008001d8c                DMA1_Channel1_IRQHandler
                0x0000000008001d8c                Default_Handler
                0x0000000008001d8c                EXTI15_10_IRQHandler
                0x0000000008001d8c                EXTI9_5_IRQHandler
                0x0000000008001d8c                DMA1_Channel5_IRQHandler
                0x0000000008001d8c                EXTI4_IRQHandler
                0x0000000008001d8c                USB_LP_CAN1_RX0_IRQHandler
                0x0000000008001d8c                USB_HP_CAN1_TX_IRQHandler
                0x0000000008001d8c                DMA1_Channel3_IRQHandler
                0x0000000008001d8c                TIM1_UP_IRQHandler
                0x0000000008001d8c                WWDG_IRQHandler
                0x0000000008001d8c                TIM1_BRK_IRQHandler
                0x0000000008001d8c                EXTI1_IRQHandler
                0x0000000008001d8c                DMA1_Channel2_IRQHandler
                0x0000000008001d8c                CAN1_SCE_IRQHandler
                0x0000000008001d8c                FLASH_IRQHandler
                0x0000000008001d8c                USART1_IRQHandler
                0x0000000008001d8c                I2C1_ER_IRQHandler
                0x0000000008001d8c                USBWakeUp_IRQHandler
 *fill*         0x0000000008001d8e        0x2 
 .text.HAL_Init
                0x0000000008001d90       0x2c ./Drivers/STM32F1xx_HAL_Driver/Src/stm32f1xx_hal.o
                0x0000000008001d90                HAL_Init
 .text.HAL_InitTick
                0x0000000008001dbc       0x60 ./Drivers/STM32F1xx_HAL_Driver/Src/stm32f1xx_hal.o
                0x0000000008001dbc                HAL_InitTick
 .text.HAL_IncTick
                0x0000000008001e1c       0x24 ./Drivers/STM32F1xx_HAL_Driver/Src/stm32f1xx_hal.o
                0x0000000008001e1c                HAL_IncTick
 .text.HAL_GetTick
                0x0000000008001e40       0x14 ./Drivers/STM32F1xx_HAL_Driver/Src/stm32f1xx_hal.o
                0x0000000008001e40                HAL_GetTick
 .text.__NVIC_SetPriorityGrouping
                0x0000000008001e54       0x48 ./Drivers/STM32F1xx_HAL_Driver/Src/stm32f1xx_hal_cortex.o
 .text.__NVIC_GetPriorityGrouping
                0x0000000008001e9c       0x1c ./Drivers/STM32F1xx_HAL_Driver/Src/stm32f1xx_hal_cortex.o
 .text.__NVIC_EnableIRQ
                0x0000000008001eb8       0x38 ./Drivers/STM32F1xx_HAL_Driver/Src/stm32f1xx_hal_cortex.o
 .text.__NVIC_SetPriority
                0x0000000008001ef0       0x54 ./Drivers/STM32F1xx_HAL_Driver/Src/stm32f1xx_hal_cortex.o
 .text.NVIC_EncodePriority
                0x0000000008001f44       0x64 ./Drivers/STM32F1xx_HAL_Driver/Src/stm32f1xx_hal_cortex.o
 .text.SysTick_Config
                0x0000000008001fa8       0x44 ./Drivers/STM32F1xx_HAL_Driver/Src/stm32f1xx_hal_cortex.o
 .text.HAL_NVIC_SetPriorityGrouping
                0x0000000008001fec       0x16 ./Drivers/STM32F1xx_HAL_Driver/Src/stm32f1xx_hal_cortex.o
                0x0000000008001fec                HAL_NVIC_SetPriorityGrouping
 .text.HAL_NVIC_SetPriority
                0x0000000008002002       0x38 ./Drivers/STM32F1xx_HAL_Driver/Src/stm32f1xx_hal_cortex.o
                0x0000000008002002                HAL_NVIC_SetPriority
 .text.HAL_NVIC_EnableIRQ
                0x000000000800203a       0x1c ./Drivers/STM32F1xx_HAL_Driver/Src/stm32f1xx_hal_cortex.o
                0x000000000800203a                HAL_NVIC_EnableIRQ
 .text.HAL_SYSTICK_Config
                0x0000000008002056       0x18 ./Drivers/STM32F1xx_HAL_Driver/Src/stm32f1xx_hal_cortex.o
                0x0000000008002056                HAL_SYSTICK_Config
 .text.HAL_DMA_Abort
                0x000000000800206e       0x76 ./Drivers/STM32F1xx_HAL_Driver/Src/stm32f1xx_hal_dma.o
                0x000000000800206e                HAL_DMA_Abort
 .text.HAL_DMA_Abort_IT
                0x00000000080020e4       0xf0 ./Drivers/STM32F1xx_HAL_Driver/Src/stm32f1xx_hal_dma.o
                0x00000000080020e4                HAL_DMA_Abort_IT
 .text.HAL_GPIO_Init
                0x00000000080021d4      0x2f8 ./Drivers/STM32F1xx_HAL_Driver/Src/stm32f1xx_hal_gpio.o
                0x00000000080021d4                HAL_GPIO_Init
 .text.HAL_GPIO_ReadPin
                0x00000000080024cc       0x2e ./Drivers/STM32F1xx_HAL_Driver/Src/stm32f1xx_hal_gpio.o
                0x00000000080024cc                HAL_GPIO_ReadPin
 .text.HAL_GPIO_WritePin
                0x00000000080024fa       0x30 ./Drivers/STM32F1xx_HAL_Driver/Src/stm32f1xx_hal_gpio.o
                0x00000000080024fa                HAL_GPIO_WritePin
 .text.HAL_GPIO_TogglePin
                0x000000000800252a       0x32 ./Drivers/STM32F1xx_HAL_Driver/Src/stm32f1xx_hal_gpio.o
                0x000000000800252a                HAL_GPIO_TogglePin
 .text.HAL_PWR_EnterSLEEPMode
                0x000000000800255c       0x38 ./Drivers/STM32F1xx_HAL_Driver/Src/stm32f1xx_hal_pwr.o
                0x000000000800255c                HAL_PWR_EnterSLEEPMode
 .text.HAL_RCC_OscConfig
                0x0000000008002594      0x504 ./Drivers/STM32F1xx_HAL_Driver/Src/stm32f1xx_hal_rcc.o
                0x0000000008002594                HAL_RCC_OscConfig
 .text.HAL_RCC_ClockConfig
                0x0000000008002a98      0x1d4 ./Drivers/STM32F1xx_HAL_Driver/Src/stm32f1xx_hal_rcc.o
                0x0000000008002a98                HAL_RCC_ClockConfig
 .text.HAL_RCC_GetSysClockFreq
                0x0000000008002c6c       0xa8 ./Drivers/STM32F1xx_HAL_Driver/Src/stm32f1xx_hal_rcc.o
                0x0000000008002c6c                HAL_RCC_GetSysClockFreq
 .text.HAL_RCC_GetHCLKFreq
                0x0000000008002d14       0x14 ./Drivers/STM32F1xx_HAL_Driver/Src/stm32f1xx_hal_rcc.o
                0x0000000008002d14                HAL_RCC_GetHCLKFreq
 .text.HAL_RCC_GetPCLK1Freq
                0x0000000008002d28       0x28 ./Drivers/STM32F1xx_HAL_Driver/Src/stm32f1xx_hal_rcc.o
                0x0000000008002d28                HAL_RCC_GetPCLK1Freq
 .text.HAL_RCC_GetPCLK2Freq
                0x0000000008002d50       0x28 ./Drivers/STM32F1xx_HAL_Driver/Src/stm32f1xx_hal_rcc.o
                0x0000000008002d50                HAL_RCC_GetPCLK2Freq
 .text.RCC_Delay
                0x0000000008002d78       0x3c ./Drivers/STM32F1xx_HAL_Driver/Src/stm32f1xx_hal_rcc.o
 .text.HAL_TIM_Base_Init
                0x0000000008002db4       0x9e ./Drivers/STM32F1xx_HAL_Driver/Src/stm32f1xx_hal_tim.o
                0x0000000008002db4                HAL_TIM_Base_Init
 *fill*         0x0000000008002e52        0x2 
 .text.HAL_TIM_Base_Start_IT
                0x0000000008002e54       0x98 ./Drivers/STM32F1xx_HAL_Driver/Src/stm32f1xx_hal_tim.o
                0x0000000008002e54                HAL_TIM_Base_Start_IT
 .text.HAL_TIM_IRQHandler
                0x0000000008002eec      0x210 ./Drivers/STM32F1xx_HAL_Driver/Src/stm32f1xx_hal_tim.o
                0x0000000008002eec                HAL_TIM_IRQHandler
 .text.HAL_TIM_ConfigClockSource
                0x00000000080030fc      0x18e ./Drivers/STM32F1xx_HAL_Driver/Src/stm32f1xx_hal_tim.o
                0x00000000080030fc                HAL_TIM_ConfigClockSource
 .text.HAL_TIM_OC_DelayElapsedCallback
                0x000000000800328a       0x12 ./Drivers/STM32F1xx_HAL_Driver/Src/stm32f1xx_hal_tim.o
                0x000000000800328a                HAL_TIM_OC_DelayElapsedCallback
 .text.HAL_TIM_IC_CaptureCallback
                0x000000000800329c       0x12 ./Drivers/STM32F1xx_HAL_Driver/Src/stm32f1xx_hal_tim.o
                0x000000000800329c                HAL_TIM_IC_CaptureCallback
 .text.HAL_TIM_PWM_PulseFinishedCallback
                0x00000000080032ae       0x12 ./Drivers/STM32F1xx_HAL_Driver/Src/stm32f1xx_hal_tim.o
                0x00000000080032ae                HAL_TIM_PWM_PulseFinishedCallback
 .text.HAL_TIM_TriggerCallback
                0x00000000080032c0       0x12 ./Drivers/STM32F1xx_HAL_Driver/Src/stm32f1xx_hal_tim.o
                0x00000000080032c0                HAL_TIM_TriggerCallback
 *fill*         0x00000000080032d2        0x2 
 .text.TIM_Base_SetConfig
                0x00000000080032d4       0xb0 ./Drivers/STM32F1xx_HAL_Driver/Src/stm32f1xx_hal_tim.o
                0x00000000080032d4                TIM_Base_SetConfig
 .text.TIM_TI1_ConfigInputStage
                0x0000000008003384       0x5c ./Drivers/STM32F1xx_HAL_Driver/Src/stm32f1xx_hal_tim.o
 .text.TIM_TI2_ConfigInputStage
                0x00000000080033e0       0x5e ./Drivers/STM32F1xx_HAL_Driver/Src/stm32f1xx_hal_tim.o
 .text.TIM_ITRx_SetConfig
                0x000000000800343e       0x34 ./Drivers/STM32F1xx_HAL_Driver/Src/stm32f1xx_hal_tim.o
 .text.TIM_ETR_SetConfig
                0x0000000008003472       0x3e ./Drivers/STM32F1xx_HAL_Driver/Src/stm32f1xx_hal_tim.o
                0x0000000008003472                TIM_ETR_SetConfig
 .text.HAL_TIMEx_MasterConfigSynchronization
                0x00000000080034b0       0xb0 ./Drivers/STM32F1xx_HAL_Driver/Src/stm32f1xx_hal_tim_ex.o
                0x00000000080034b0                HAL_TIMEx_MasterConfigSynchronization
 .text.HAL_TIMEx_CommutCallback
                0x0000000008003560       0x12 ./Drivers/STM32F1xx_HAL_Driver/Src/stm32f1xx_hal_tim_ex.o
                0x0000000008003560                HAL_TIMEx_CommutCallback
 .text.HAL_TIMEx_BreakCallback
                0x0000000008003572       0x12 ./Drivers/STM32F1xx_HAL_Driver/Src/stm32f1xx_hal_tim_ex.o
                0x0000000008003572                HAL_TIMEx_BreakCallback
 .text.HAL_UART_Init
                0x0000000008003584       0xa0 ./Drivers/STM32F1xx_HAL_Driver/Src/stm32f1xx_hal_uart.o
                0x0000000008003584                HAL_UART_Init
 .text.HAL_UART_Transmit
                0x0000000008003624      0x106 ./Drivers/STM32F1xx_HAL_Driver/Src/stm32f1xx_hal_uart.o
                0x0000000008003624                HAL_UART_Transmit
 *fill*         0x000000000800372a        0x2 
 .text.HAL_UART_IRQHandler
                0x000000000800372c      0x524 ./Drivers/STM32F1xx_HAL_Driver/Src/stm32f1xx_hal_uart.o
                0x000000000800372c                HAL_UART_IRQHandler
 .text.HAL_UART_TxCpltCallback
                0x0000000008003c50       0x12 ./Drivers/STM32F1xx_HAL_Driver/Src/stm32f1xx_hal_uart.o
                0x0000000008003c50                HAL_UART_TxCpltCallback
 .text.HAL_UART_RxCpltCallback
                0x0000000008003c62       0x12 ./Drivers/STM32F1xx_HAL_Driver/Src/stm32f1xx_hal_uart.o
                0x0000000008003c62                HAL_UART_RxCpltCallback
 .text.HAL_UART_ErrorCallback
                0x0000000008003c74       0x12 ./Drivers/STM32F1xx_HAL_Driver/Src/stm32f1xx_hal_uart.o
                0x0000000008003c74                HAL_UART_ErrorCallback
 .text.HAL_UARTEx_RxEventCallback
                0x0000000008003c86       0x16 ./Drivers/STM32F1xx_HAL_Driver/Src/stm32f1xx_hal_uart.o
                0x0000000008003c86                HAL_UARTEx_RxEventCallback
 .text.UART_WaitOnFlagUntilTimeout
                0x0000000008003c9c       0xdc ./Drivers/STM32F1xx_HAL_Driver/Src/stm32f1xx_hal_uart.o
 .text.UART_EndRxTransfer
                0x0000000008003d78       0xc4 ./Drivers/STM32F1xx_HAL_Driver/Src/stm32f1xx_hal_uart.o
 .text.UART_DMAAbortOnError
                0x0000000008003e3c       0x28 ./Drivers/STM32F1xx_HAL_Driver/Src/stm32f1xx_hal_uart.o
 .text.UART_Transmit_IT
                0x0000000008003e64       0x9e ./Drivers/STM32F1xx_HAL_Driver/Src/stm32f1xx_hal_uart.o
 .text.UART_EndTransmit_IT
                0x0000000008003f02       0x30 ./Drivers/STM32F1xx_HAL_Driver/Src/stm32f1xx_hal_uart.o
 .text.UART_Receive_IT
                0x0000000008003f32      0x17c ./Drivers/STM32F1xx_HAL_Driver/Src/stm32f1xx_hal_uart.o
 *fill*         0x00000000080040ae        0x2 
 .text.UART_SetConfig
                0x00000000080040b0      0x11c ./Drivers/STM32F1xx_HAL_Driver/Src/stm32f1xx_hal_uart.o
 .text.sprintf  0x00000000080041cc       0x40 D:/STM32CubeIDE_1.13.1/STM32CubeIDE/plugins/com.st.stm32cube.ide.mcu.externaltools.gnu-tools-for-stm32.11.3.rel1.win32_1.1.0.202305231506/tools/bin/../lib/gcc/arm-none-eabi/11.3.1/../../../../arm-none-eabi/lib/thumb/v7-m/nofp\libc_nano.a(libc_a-sprintf.o)
                0x00000000080041cc                siprintf
                0x00000000080041cc                sprintf
 .text.memset   0x000000000800420c       0x10 D:/STM32CubeIDE_1.13.1/STM32CubeIDE/plugins/com.st.stm32cube.ide.mcu.externaltools.gnu-tools-for-stm32.11.3.rel1.win32_1.1.0.202305231506/tools/bin/../lib/gcc/arm-none-eabi/11.3.1/../../../../arm-none-eabi/lib/thumb/v7-m/nofp\libc_nano.a(libc_a-memset.o)
                0x000000000800420c                memset
 .text.__errno  0x000000000800421c        0xc D:/STM32CubeIDE_1.13.1/STM32CubeIDE/plugins/com.st.stm32cube.ide.mcu.externaltools.gnu-tools-for-stm32.11.3.rel1.win32_1.1.0.202305231506/tools/bin/../lib/gcc/arm-none-eabi/11.3.1/../../../../arm-none-eabi/lib/thumb/v7-m/nofp\libc_nano.a(libc_a-errno.o)
                0x000000000800421c                __errno
 .text.__libc_init_array
                0x0000000008004228       0x48 D:/STM32CubeIDE_1.13.1/STM32CubeIDE/plugins/com.st.stm32cube.ide.mcu.externaltools.gnu-tools-for-stm32.11.3.rel1.win32_1.1.0.202305231506/tools/bin/../lib/gcc/arm-none-eabi/11.3.1/../../../../arm-none-eabi/lib/thumb/v7-m/nofp\libc_nano.a(libc_a-init.o)
                0x0000000008004228                __libc_init_array
 .text.__retarget_lock_acquire_recursive
                0x0000000008004270        0x2 D:/STM32CubeIDE_1.13.1/STM32CubeIDE/plugins/com.st.stm32cube.ide.mcu.externaltools.gnu-tools-for-stm32.11.3.rel1.win32_1.1.0.202305231506/tools/bin/../lib/gcc/arm-none-eabi/11.3.1/../../../../arm-none-eabi/lib/thumb/v7-m/nofp\libc_nano.a(libc_a-lock.o)
                0x0000000008004270                __retarget_lock_acquire_recursive
 .text.__retarget_lock_release_recursive
                0x0000000008004272        0x2 D:/STM32CubeIDE_1.13.1/STM32CubeIDE/plugins/com.st.stm32cube.ide.mcu.externaltools.gnu-tools-for-stm32.11.3.rel1.win32_1.1.0.202305231506/tools/bin/../lib/gcc/arm-none-eabi/11.3.1/../../../../arm-none-eabi/lib/thumb/v7-m/nofp\libc_nano.a(libc_a-lock.o)
                0x0000000008004272                __retarget_lock_release_recursive
 .text._free_r  0x0000000008004274       0x90 D:/STM32CubeIDE_1.13.1/STM32CubeIDE/plugins/com.st.stm32cube.ide.mcu.externaltools.gnu-tools-for-stm32.11.3.rel1.win32_1.1.0.202305231506/tools/bin/../lib/gcc/arm-none-eabi/11.3.1/../../../../arm-none-eabi/lib/thumb/v7-m/nofp\libc_nano.a(libc_a-freer.o)
                0x0000000008004274                _free_r
 .text.sbrk_aligned
                0x0000000008004304       0x40 D:/STM32CubeIDE_1.13.1/STM32CubeIDE/plugins/com.st.stm32cube.ide.mcu.externaltools.gnu-tools-for-stm32.11.3.rel1.win32_1.1.0.202305231506/tools/bin/../lib/gcc/arm-none-eabi/11.3.1/../../../../arm-none-eabi/lib/thumb/v7-m/nofp\libc_nano.a(libc_a-mallocr.o)
 .text._malloc_r
                0x0000000008004344      0x100 D:/STM32CubeIDE_1.13.1/STM32CubeIDE/plugins/com.st.stm32cube.ide.mcu.externaltools.gnu-tools-for-stm32.11.3.rel1.win32_1.1.0.202305231506/tools/bin/../lib/gcc/arm-none-eabi/11.3.1/../../../../arm-none-eabi/lib/thumb/v7-m/nofp\libc_nano.a(libc_a-mallocr.o)
                0x0000000008004344                _malloc_r
 .text.__malloc_lock
                0x0000000008004444        0xc D:/STM32CubeIDE_1.13.1/STM32CubeIDE/plugins/com.st.stm32cube.ide.mcu.externaltools.gnu-tools-for-stm32.11.3.rel1.win32_1.1.0.202305231506/tools/bin/../lib/gcc/arm-none-eabi/11.3.1/../../../../arm-none-eabi/lib/thumb/v7-m/nofp\libc_nano.a(libc_a-mlock.o)
                0x0000000008004444                __malloc_lock
 .text.__malloc_unlock
                0x0000000008004450        0xc D:/STM32CubeIDE_1.13.1/STM32CubeIDE/plugins/com.st.stm32cube.ide.mcu.externaltools.gnu-tools-for-stm32.11.3.rel1.win32_1.1.0.202305231506/tools/bin/../lib/gcc/arm-none-eabi/11.3.1/../../../../arm-none-eabi/lib/thumb/v7-m/nofp\libc_nano.a(libc_a-mlock.o)
                0x0000000008004450                __malloc_unlock
 .text.__ssputs_r
                0x000000000800445c       0xb4 D:/STM32CubeIDE_1.13.1/STM32CubeIDE/plugins/com.st.stm32cube.ide.mcu.externaltools.gnu-tools-for-stm32.11.3.rel1.win32_1.1.0.202305231506/tools/bin/../lib/gcc/arm-none-eabi/11.3.1/../../../../arm-none-eabi/lib/thumb/v7-m/nofp\libc_nano.a(libc_a-nano-svfprintf.o)
                0x000000000800445c                __ssputs_r
 .text._svfprintf_r
                0x0000000008004510      0x1fc D:/STM32CubeIDE_1.13.1/STM32CubeIDE/plugins/com.st.stm32cube.ide.mcu.externaltools.gnu-tools-for-stm32.11.3.rel1.win32_1.1.0.202305231506/tools/bin/../lib/gcc/arm-none-eabi/11.3.1/../../../../arm-none-eabi/lib/thumb/v7-m/nofp\libc_nano.a(libc_a-nano-svfprintf.o)
                0x0000000008004510                _svfiprintf_r
                0x0000000008004510                _svfprintf_r
 .text._printf_common
                0x000000000800470c       0xe4 D:/STM32CubeIDE_1.13.1/STM32CubeIDE/plugins/com.st.stm32cube.ide.mcu.externaltools.gnu-tools-for-stm32.11.3.rel1.win32_1.1.0.202305231506/tools/bin/../lib/gcc/arm-none-eabi/11.3.1/../../../../arm-none-eabi/lib/thumb/v7-m/nofp\libc_nano.a(libc_a-nano-vfprintf_i.o)
                0x000000000800470c                _printf_common
 .text._printf_i
                0x00000000080047f0      0x244 D:/STM32CubeIDE_1.13.1/STM32CubeIDE/plugins/com.st.stm32cube.ide.mcu.externaltools.gnu-tools-for-stm32.11.3.rel1.win32_1.1.0.202305231506/tools/bin/../lib/gcc/arm-none-eabi/11.3.1/../../../../arm-none-eabi/lib/thumb/v7-m/nofp\libc_nano.a(libc_a-nano-vfprintf_i.o)
                0x00000000080047f0                _printf_i
 .text.memmove  0x0000000008004a34       0x34 D:/STM32CubeIDE_1.13.1/STM32CubeIDE/plugins/com.st.stm32cube.ide.mcu.externaltools.gnu-tools-for-stm32.11.3.rel1.win32_1.1.0.202305231506/tools/bin/../lib/gcc/arm-none-eabi/11.3.1/../../../../arm-none-eabi/lib/thumb/v7-m/nofp\libc_nano.a(libc_a-memmove.o)
                0x0000000008004a34                memmove
 .text._sbrk_r  0x0000000008004a68       0x20 D:/STM32CubeIDE_1.13.1/STM32CubeIDE/plugins/com.st.stm32cube.ide.mcu.externaltools.gnu-tools-for-stm32.11.3.rel1.win32_1.1.0.202305231506/tools/bin/../lib/gcc/arm-none-eabi/11.3.1/../../../../arm-none-eabi/lib/thumb/v7-m/nofp\libc_nano.a(libc_a-sbrkr.o)
                0x0000000008004a68                _sbrk_r
 .text.memchr   0x0000000008004a88       0x1c D:/STM32CubeIDE_1.13.1/STM32CubeIDE/plugins/com.st.stm32cube.ide.mcu.externaltools.gnu-tools-for-stm32.11.3.rel1.win32_1.1.0.202305231506/tools/bin/../lib/gcc/arm-none-eabi/11.3.1/../../../../arm-none-eabi/lib/thumb/v7-m/nofp\libc_nano.a(libc_a-memchr-stub.o)
                0x0000000008004a88                memchr
 .text.memcpy   0x0000000008004aa4       0x1c D:/STM32CubeIDE_1.13.1/STM32CubeIDE/plugins/com.st.stm32cube.ide.mcu.externaltools.gnu-tools-for-stm32.11.3.rel1.win32_1.1.0.202305231506/tools/bin/../lib/gcc/arm-none-eabi/11.3.1/../../../../arm-none-eabi/lib/thumb/v7-m/nofp\libc_nano.a(libc_a-memcpy-stub.o)
                0x0000000008004aa4                memcpy
 .text._realloc_r
                0x0000000008004ac0       0x5e D:/STM32CubeIDE_1.13.1/STM32CubeIDE/plugins/com.st.stm32cube.ide.mcu.externaltools.gnu-tools-for-stm32.11.3.rel1.win32_1.1.0.202305231506/tools/bin/../lib/gcc/arm-none-eabi/11.3.1/../../../../arm-none-eabi/lib/thumb/v7-m/nofp\libc_nano.a(libc_a-reallocr.o)
                0x0000000008004ac0                _realloc_r
 .text._malloc_usable_size_r
                0x0000000008004b1e       0x10 D:/STM32CubeIDE_1.13.1/STM32CubeIDE/plugins/com.st.stm32cube.ide.mcu.externaltools.gnu-tools-for-stm32.11.3.rel1.win32_1.1.0.202305231506/tools/bin/../lib/gcc/arm-none-eabi/11.3.1/../../../../arm-none-eabi/lib/thumb/v7-m/nofp\libc_nano.a(libc_a-msizer.o)
                0x0000000008004b1e                _malloc_usable_size_r
 *(.glue_7)
 .glue_7        0x0000000008004b2e        0x0 linker stubs
 *(.glue_7t)
 .glue_7t       0x0000000008004b2e        0x0 linker stubs
 *(.eh_frame)
 *fill*         0x0000000008004b2e        0x2 
 .eh_frame      0x0000000008004b30        0x0 D:/STM32CubeIDE_1.13.1/STM32CubeIDE/plugins/com.st.stm32cube.ide.mcu.externaltools.gnu-tools-for-stm32.11.3.rel1.win32_1.1.0.202305231506/tools/bin/../lib/gcc/arm-none-eabi/11.3.1/thumb/v7-m/nofp/crtbegin.o
 *(.init)
 .init          0x0000000008004b30        0x4 D:/STM32CubeIDE_1.13.1/STM32CubeIDE/plugins/com.st.stm32cube.ide.mcu.externaltools.gnu-tools-for-stm32.11.3.rel1.win32_1.1.0.202305231506/tools/bin/../lib/gcc/arm-none-eabi/11.3.1/thumb/v7-m/nofp/crti.o
                0x0000000008004b30                _init
 .init          0x0000000008004b34        0x8 D:/STM32CubeIDE_1.13.1/STM32CubeIDE/plugins/com.st.stm32cube.ide.mcu.externaltools.gnu-tools-for-stm32.11.3.rel1.win32_1.1.0.202305231506/tools/bin/../lib/gcc/arm-none-eabi/11.3.1/thumb/v7-m/nofp/crtn.o
 *(.fini)
 .fini          0x0000000008004b3c        0x4 D:/STM32CubeIDE_1.13.1/STM32CubeIDE/plugins/com.st.stm32cube.ide.mcu.externaltools.gnu-tools-for-stm32.11.3.rel1.win32_1.1.0.202305231506/tools/bin/../lib/gcc/arm-none-eabi/11.3.1/thumb/v7-m/nofp/crti.o
                0x0000000008004b3c                _fini
 .fini          0x0000000008004b40        0x8 D:/STM32CubeIDE_1.13.1/STM32CubeIDE/plugins/com.st.stm32cube.ide.mcu.externaltools.gnu-tools-for-stm32.11.3.rel1.win32_1.1.0.202305231506/tools/bin/../lib/gcc/arm-none-eabi/11.3.1/thumb/v7-m/nofp/crtn.o
                0x0000000008004b48                . = ALIGN (0x4)
                0x0000000008004b48                _etext = .

.vfp11_veneer   0x0000000008004b48        0x0
 .vfp11_veneer  0x0000000008004b48        0x0 linker stubs

.v4_bx          0x0000000008004b48        0x0
 .v4_bx         0x0000000008004b48        0x0 linker stubs

.iplt           0x0000000008004b48        0x0
 .iplt          0x0000000008004b48        0x0 D:/STM32CubeIDE_1.13.1/STM32CubeIDE/plugins/com.st.stm32cube.ide.mcu.externaltools.gnu-tools-for-stm32.11.3.rel1.win32_1.1.0.202305231506/tools/bin/../lib/gcc/arm-none-eabi/11.3.1/thumb/v7-m/nofp/crtbegin.o

.rodata         0x0000000008004b48       0x7c
                0x0000000008004b48                . = ALIGN (0x4)
 *(.rodata)
 .rodata        0x0000000008004b48       0x1c ./Core/Src/scheduler.o
 *(.rodata*)
 .rodata.AHBPrescTable
                0x0000000008004b64       0x10 ./Core/Src/system_stm32f1xx.o
                0x0000000008004b64                AHBPrescTable
 .rodata.APBPrescTable
                0x0000000008004b74        0x8 ./Core/Src/system_stm32f1xx.o
                0x0000000008004b74                APBPrescTable
 .rodata.aPLLMULFactorTable.1
                0x0000000008004b7c       0x10 ./Drivers/STM32F1xx_HAL_Driver/Src/stm32f1xx_hal_rcc.o
 .rodata.aPredivFactorTable.0
                0x0000000008004b8c        0x2 ./Drivers/STM32F1xx_HAL_Driver/Src/stm32f1xx_hal_rcc.o
 .rodata._svfprintf_r.str1.1
                0x0000000008004b8e       0x11 D:/STM32CubeIDE_1.13.1/STM32CubeIDE/plugins/com.st.stm32cube.ide.mcu.externaltools.gnu-tools-for-stm32.11.3.rel1.win32_1.1.0.202305231506/tools/bin/../lib/gcc/arm-none-eabi/11.3.1/../../../../arm-none-eabi/lib/thumb/v7-m/nofp\libc_nano.a(libc_a-nano-svfprintf.o)
 .rodata._printf_i.str1.1
                0x0000000008004b9f       0x22 D:/STM32CubeIDE_1.13.1/STM32CubeIDE/plugins/com.st.stm32cube.ide.mcu.externaltools.gnu-tools-for-stm32.11.3.rel1.win32_1.1.0.202305231506/tools/bin/../lib/gcc/arm-none-eabi/11.3.1/../../../../arm-none-eabi/lib/thumb/v7-m/nofp\libc_nano.a(libc_a-nano-vfprintf_i.o)
                0x0000000008004bc4                . = ALIGN (0x4)
 *fill*         0x0000000008004bc1        0x3 

.rel.dyn        0x0000000008004bc4        0x0
 .rel.iplt      0x0000000008004bc4        0x0 D:/STM32CubeIDE_1.13.1/STM32CubeIDE/plugins/com.st.stm32cube.ide.mcu.externaltools.gnu-tools-for-stm32.11.3.rel1.win32_1.1.0.202305231506/tools/bin/../lib/gcc/arm-none-eabi/11.3.1/thumb/v7-m/nofp/crtbegin.o

.ARM.extab      0x0000000008004bc4        0x0
                0x0000000008004bc4                . = ALIGN (0x4)
 *(.ARM.extab* .gnu.linkonce.armextab.*)
                0x0000000008004bc4                . = ALIGN (0x4)

.ARM            0x0000000008004bc4        0x0
                0x0000000008004bc4                . = ALIGN (0x4)
                0x0000000008004bc4                __exidx_start = .
 *(.ARM.exidx*)
                0x0000000008004bc4                __exidx_end = .
                0x0000000008004bc4                . = ALIGN (0x4)

.preinit_array  0x0000000008004bc4        0x0
                0x0000000008004bc4                . = ALIGN (0x4)
                0x0000000008004bc4                PROVIDE (__preinit_array_start = .)
 *(.preinit_array*)
                0x0000000008004bc4                PROVIDE (__preinit_array_end = .)
                0x0000000008004bc4                . = ALIGN (0x4)

.init_array     0x0000000008004bc4        0x4
                0x0000000008004bc4                . = ALIGN (0x4)
                0x0000000008004bc4                PROVIDE (__init_array_start = .)
 *(SORT_BY_NAME(.init_array.*))
 *(.init_array*)
 .init_array    0x0000000008004bc4        0x4 D:/STM32CubeIDE_1.13.1/STM32CubeIDE/plugins/com.st.stm32cube.ide.mcu.externaltools.gnu-tools-for-stm32.11.3.rel1.win32_1.1.0.202305231506/tools/bin/../lib/gcc/arm-none-eabi/11.3.1/thumb/v7-m/nofp/crtbegin.o
                0x0000000008004bc8                PROVIDE (__init_array_end = .)
                0x0000000008004bc8                . = ALIGN (0x4)

.fini_array     0x0000000008004bc8        0x4
                0x0000000008004bc8                . = ALIGN (0x4)
                [!provide]                        PROVIDE (__fini_array_start = .)
 *(SORT_BY_NAME(.fini_array.*))
 *(.fini_array*)
 .fini_array    0x0000000008004bc8        0x4 D:/STM32CubeIDE_1.13.1/STM32CubeIDE/plugins/com.st.stm32cube.ide.mcu.externaltools.gnu-tools-for-stm32.11.3.rel1.win32_1.1.0.202305231506/tools/bin/../lib/gcc/arm-none-eabi/11.3.1/thumb/v7-m/nofp/crtbegin.o
                [!provide]                        PROVIDE (__fini_array_end = .)
                0x0000000008004bcc                . = ALIGN (0x4)
                0x0000000008004bcc                _sidata = LOADADDR (.data)

.data           0x0000000020000000       0xa8 load address 0x0000000008004bcc
                0x0000000020000000                . = ALIGN (0x4)
                0x0000000020000000                _sdata = .
 *(.data)
 *(.data*)
 .data.buttonsArr
                0x0000000020000000        0xc ./Core/Src/button.o
                0x0000000020000000                buttonsArr
 .data.KeyReg0  0x000000002000000c        0xc ./Core/Src/button.o
                0x000000002000000c                KeyReg0
 .data.KeyReg1  0x0000000020000018        0xc ./Core/Src/button.o
                0x0000000020000018                KeyReg1
 .data.KeyReg2  0x0000000020000024        0xc ./Core/Src/button.o
                0x0000000020000024                KeyReg2
 .data.KeyReg3  0x0000000020000030        0xc ./Core/Src/button.o
                0x0000000020000030                KeyReg3
 .data.TimeOutForKeyPress
                0x000000002000003c        0x4 ./Core/Src/button.o
                0x000000002000003c                TimeOutForKeyPress
 .data.redDelay
                0x0000000020000040        0x4 ./Core/Src/global.o
                0x0000000020000040                redDelay
 .data.greenDelay
                0x0000000020000044        0x4 ./Core/Src/global.o
                0x0000000020000044                greenDelay
 .data.yellowDelay
                0x0000000020000048        0x4 ./Core/Src/global.o
                0x0000000020000048                yellowDelay
 .data.SystemCoreClock
                0x000000002000004c        0x4 ./Core/Src/system_stm32f1xx.o
                0x000000002000004c                SystemCoreClock
 .data.uwTickPrio
                0x0000000020000050        0x4 ./Drivers/STM32F1xx_HAL_Driver/Src/stm32f1xx_hal.o
                0x0000000020000050                uwTickPrio
 .data.uwTickFreq
                0x0000000020000054        0x1 ./Drivers/STM32F1xx_HAL_Driver/Src/stm32f1xx_hal.o
                0x0000000020000054                uwTickFreq
 *fill*         0x0000000020000055        0x3 
 .data._impure_data
                0x0000000020000058       0x4c D:/STM32CubeIDE_1.13.1/STM32CubeIDE/plugins/com.st.stm32cube.ide.mcu.externaltools.gnu-tools-for-stm32.11.3.rel1.win32_1.1.0.202305231506/tools/bin/../lib/gcc/arm-none-eabi/11.3.1/../../../../arm-none-eabi/lib/thumb/v7-m/nofp\libc_nano.a(libc_a-impure.o)
                0x0000000020000058                _impure_data
 .data._impure_ptr
                0x00000000200000a4        0x4 D:/STM32CubeIDE_1.13.1/STM32CubeIDE/plugins/com.st.stm32cube.ide.mcu.externaltools.gnu-tools-for-stm32.11.3.rel1.win32_1.1.0.202305231506/tools/bin/../lib/gcc/arm-none-eabi/11.3.1/../../../../arm-none-eabi/lib/thumb/v7-m/nofp\libc_nano.a(libc_a-impure.o)
                0x00000000200000a4                _impure_ptr
 *(.RamFunc)
 *(.RamFunc*)
                0x00000000200000a8                . = ALIGN (0x4)
                0x00000000200000a8                _edata = .

.igot.plt       0x00000000200000a8        0x0 load address 0x0000000008004c74
 .igot.plt      0x00000000200000a8        0x0 D:/STM32CubeIDE_1.13.1/STM32CubeIDE/plugins/com.st.stm32cube.ide.mcu.externaltools.gnu-tools-for-stm32.11.3.rel1.win32_1.1.0.202305231506/tools/bin/../lib/gcc/arm-none-eabi/11.3.1/thumb/v7-m/nofp/crtbegin.o
                0x00000000200000a8                . = ALIGN (0x4)

.bss            0x00000000200000a8      0x2e0 load address 0x0000000008004c74
                0x00000000200000a8                _sbss = .
                0x00000000200000a8                __bss_start__ = _sbss
 *(.bss)
 .bss           0x00000000200000a8       0x1c D:/STM32CubeIDE_1.13.1/STM32CubeIDE/plugins/com.st.stm32cube.ide.mcu.externaltools.gnu-tools-for-stm32.11.3.rel1.win32_1.1.0.202305231506/tools/bin/../lib/gcc/arm-none-eabi/11.3.1/thumb/v7-m/nofp/crtbegin.o
 *(.bss*)
 .bss.button_flag
                0x00000000200000c4        0xc ./Core/Src/button.o
                0x00000000200000c4                button_flag
 .bss.modeSeg   0x00000000200000d0        0x1 ./Core/Src/global.o
                0x00000000200000d0                modeSeg
 .bss.firstCoupleLedAutoState
                0x00000000200000d1        0x1 ./Core/Src/global.o
                0x00000000200000d1                firstCoupleLedAutoState
 .bss.secondCoupleLedAutoState
                0x00000000200000d2        0x1 ./Core/Src/global.o
                0x00000000200000d2                secondCoupleLedAutoState
 .bss.seg7AutoState
                0x00000000200000d3        0x1 ./Core/Src/global.o
                0x00000000200000d3                seg7AutoState
 .bss.countdownFirstCoupleLed
                0x00000000200000d4        0x4 ./Core/Src/global.o
                0x00000000200000d4                countdownFirstCoupleLed
 .bss.countdownSecondCoupleLed
                0x00000000200000d8        0x4 ./Core/Src/global.o
                0x00000000200000d8                countdownSecondCoupleLed
 .bss.htim2     0x00000000200000dc       0x48 ./Core/Src/main.o
                0x00000000200000dc                htim2
 .bss.huart2    0x0000000020000124       0x48 ./Core/Src/main.o
                0x0000000020000124                huart2
 .bss.global_time
                0x000000002000016c        0x4 ./Core/Src/scheduler.o
                0x000000002000016c                global_time
 .bss.SCH_tasks_G
                0x0000000020000170       0xc8 ./Core/Src/scheduler.o
                0x0000000020000170                SCH_tasks_G
 .bss.__sbrk_heap_end
                0x0000000020000238        0x4 ./Core/Src/sysmem.o
 .bss.uwTick    0x000000002000023c        0x4 ./Drivers/STM32F1xx_HAL_Driver/Src/stm32f1xx_hal.o
                0x000000002000023c                uwTick
 .bss.__sf      0x0000000020000240      0x138 D:/STM32CubeIDE_1.13.1/STM32CubeIDE/plugins/com.st.stm32cube.ide.mcu.externaltools.gnu-tools-for-stm32.11.3.rel1.win32_1.1.0.202305231506/tools/bin/../lib/gcc/arm-none-eabi/11.3.1/../../../../arm-none-eabi/lib/thumb/v7-m/nofp\libc_nano.a(libc_a-findfp.o)
                0x0000000020000240                __sf
 .bss.errno     0x0000000020000378        0x4 D:/STM32CubeIDE_1.13.1/STM32CubeIDE/plugins/com.st.stm32cube.ide.mcu.externaltools.gnu-tools-for-stm32.11.3.rel1.win32_1.1.0.202305231506/tools/bin/../lib/gcc/arm-none-eabi/11.3.1/../../../../arm-none-eabi/lib/thumb/v7-m/nofp\libc_nano.a(libc_a-reent.o)
                0x0000000020000378                errno
 .bss.__lock___malloc_recursive_mutex
                0x000000002000037c        0x1 D:/STM32CubeIDE_1.13.1/STM32CubeIDE/plugins/com.st.stm32cube.ide.mcu.externaltools.gnu-tools-for-stm32.11.3.rel1.win32_1.1.0.202305231506/tools/bin/../lib/gcc/arm-none-eabi/11.3.1/../../../../arm-none-eabi/lib/thumb/v7-m/nofp\libc_nano.a(libc_a-lock.o)
                0x000000002000037c                __lock___malloc_recursive_mutex
 *fill*         0x000000002000037d        0x3 
 .bss.__malloc_free_list
                0x0000000020000380        0x4 D:/STM32CubeIDE_1.13.1/STM32CubeIDE/plugins/com.st.stm32cube.ide.mcu.externaltools.gnu-tools-for-stm32.11.3.rel1.win32_1.1.0.202305231506/tools/bin/../lib/gcc/arm-none-eabi/11.3.1/../../../../arm-none-eabi/lib/thumb/v7-m/nofp\libc_nano.a(libc_a-mallocr.o)
                0x0000000020000380                __malloc_free_list
 .bss.__malloc_sbrk_start
                0x0000000020000384        0x4 D:/STM32CubeIDE_1.13.1/STM32CubeIDE/plugins/com.st.stm32cube.ide.mcu.externaltools.gnu-tools-for-stm32.11.3.rel1.win32_1.1.0.202305231506/tools/bin/../lib/gcc/arm-none-eabi/11.3.1/../../../../arm-none-eabi/lib/thumb/v7-m/nofp\libc_nano.a(libc_a-mallocr.o)
                0x0000000020000384                __malloc_sbrk_start
 *(COMMON)
                0x0000000020000388                . = ALIGN (0x4)
                0x0000000020000388                _ebss = .
                0x0000000020000388                __bss_end__ = _ebss

._user_heap_stack
                0x0000000020000388      0x600 load address 0x0000000008004c74
                0x0000000020000388                . = ALIGN (0x8)
                [!provide]                        PROVIDE (end = .)
                0x0000000020000388                PROVIDE (_end = .)
                0x0000000020000588                . = (. + _Min_Heap_Size)
 *fill*         0x0000000020000388      0x200 
                0x0000000020000988                . = (. + _Min_Stack_Size)
 *fill*         0x0000000020000588      0x400 
                0x0000000020000988                . = ALIGN (0x8)

/DISCARD/
 libc.a(*)
 libm.a(*)
 libgcc.a(*)

.ARM.attributes
                0x0000000000000000       0x29
 *(.ARM.attributes)
 .ARM.attributes
                0x0000000000000000       0x1d D:/STM32CubeIDE_1.13.1/STM32CubeIDE/plugins/com.st.stm32cube.ide.mcu.externaltools.gnu-tools-for-stm32.11.3.rel1.win32_1.1.0.202305231506/tools/bin/../lib/gcc/arm-none-eabi/11.3.1/thumb/v7-m/nofp/crti.o
 .ARM.attributes
                0x000000000000001d       0x2d D:/STM32CubeIDE_1.13.1/STM32CubeIDE/plugins/com.st.stm32cube.ide.mcu.externaltools.gnu-tools-for-stm32.11.3.rel1.win32_1.1.0.202305231506/tools/bin/../lib/gcc/arm-none-eabi/11.3.1/thumb/v7-m/nofp/crtbegin.o
 .ARM.attributes
                0x000000000000004a       0x2d ./Core/Src/auto.o
 .ARM.attributes
                0x0000000000000077       0x2d ./Core/Src/button.o
 .ARM.attributes
                0x00000000000000a4       0x2d ./Core/Src/display.o
 .ARM.attributes
                0x00000000000000d1       0x2d ./Core/Src/global.o
 .ARM.attributes
                0x00000000000000fe       0x2d ./Core/Src/main.o
 .ARM.attributes
                0x000000000000012b       0x2d ./Core/Src/manual.o
 .ARM.attributes
                0x0000000000000158       0x2d ./Core/Src/scheduler.o
 .ARM.attributes
                0x0000000000000185       0x2d ./Core/Src/stm32f1xx_hal_msp.o
 .ARM.attributes
                0x00000000000001b2       0x2d ./Core/Src/stm32f1xx_it.o
 .ARM.attributes
                0x00000000000001df       0x2d ./Core/Src/sysmem.o
 .ARM.attributes
                0x000000000000020c       0x2d ./Core/Src/system_stm32f1xx.o
 .ARM.attributes
                0x0000000000000239       0x21 ./Core/Startup/startup_stm32f103c6ux.o
 .ARM.attributes
                0x000000000000025a       0x2d ./Drivers/STM32F1xx_HAL_Driver/Src/stm32f1xx_hal.o
 .ARM.attributes
                0x0000000000000287       0x2d ./Drivers/STM32F1xx_HAL_Driver/Src/stm32f1xx_hal_cortex.o
 .ARM.attributes
                0x00000000000002b4       0x2d ./Drivers/STM32F1xx_HAL_Driver/Src/stm32f1xx_hal_dma.o
 .ARM.attributes
                0x00000000000002e1       0x2d ./Drivers/STM32F1xx_HAL_Driver/Src/stm32f1xx_hal_gpio.o
 .ARM.attributes
                0x000000000000030e       0x2d ./Drivers/STM32F1xx_HAL_Driver/Src/stm32f1xx_hal_pwr.o
 .ARM.attributes
                0x000000000000033b       0x2d ./Drivers/STM32F1xx_HAL_Driver/Src/stm32f1xx_hal_rcc.o
 .ARM.attributes
                0x0000000000000368       0x2d ./Drivers/STM32F1xx_HAL_Driver/Src/stm32f1xx_hal_tim.o
 .ARM.attributes
                0x0000000000000395       0x2d ./Drivers/STM32F1xx_HAL_Driver/Src/stm32f1xx_hal_tim_ex.o
 .ARM.attributes
                0x00000000000003c2       0x2d ./Drivers/STM32F1xx_HAL_Driver/Src/stm32f1xx_hal_uart.o
 .ARM.attributes
                0x00000000000003ef       0x2d D:/STM32CubeIDE_1.13.1/STM32CubeIDE/plugins/com.st.stm32cube.ide.mcu.externaltools.gnu-tools-for-stm32.11.3.rel1.win32_1.1.0.202305231506/tools/bin/../lib/gcc/arm-none-eabi/11.3.1/../../../../arm-none-eabi/lib/thumb/v7-m/nofp\libc_nano.a(libc_a-findfp.o)
 .ARM.attributes
                0x000000000000041c       0x2d D:/STM32CubeIDE_1.13.1/STM32CubeIDE/plugins/com.st.stm32cube.ide.mcu.externaltools.gnu-tools-for-stm32.11.3.rel1.win32_1.1.0.202305231506/tools/bin/../lib/gcc/arm-none-eabi/11.3.1/../../../../arm-none-eabi/lib/thumb/v7-m/nofp\libc_nano.a(libc_a-sprintf.o)
 .ARM.attributes
                0x0000000000000449       0x2d D:/STM32CubeIDE_1.13.1/STM32CubeIDE/plugins/com.st.stm32cube.ide.mcu.externaltools.gnu-tools-for-stm32.11.3.rel1.win32_1.1.0.202305231506/tools/bin/../lib/gcc/arm-none-eabi/11.3.1/../../../../arm-none-eabi/lib/thumb/v7-m/nofp\libc_nano.a(libc_a-memset.o)
 .ARM.attributes
                0x0000000000000476       0x2d D:/STM32CubeIDE_1.13.1/STM32CubeIDE/plugins/com.st.stm32cube.ide.mcu.externaltools.gnu-tools-for-stm32.11.3.rel1.win32_1.1.0.202305231506/tools/bin/../lib/gcc/arm-none-eabi/11.3.1/../../../../arm-none-eabi/lib/thumb/v7-m/nofp\libc_nano.a(libc_a-reent.o)
 .ARM.attributes
                0x00000000000004a3       0x2d D:/STM32CubeIDE_1.13.1/STM32CubeIDE/plugins/com.st.stm32cube.ide.mcu.externaltools.gnu-tools-for-stm32.11.3.rel1.win32_1.1.0.202305231506/tools/bin/../lib/gcc/arm-none-eabi/11.3.1/../../../../arm-none-eabi/lib/thumb/v7-m/nofp\libc_nano.a(libc_a-impure.o)
 .ARM.attributes
                0x00000000000004d0       0x2d D:/STM32CubeIDE_1.13.1/STM32CubeIDE/plugins/com.st.stm32cube.ide.mcu.externaltools.gnu-tools-for-stm32.11.3.rel1.win32_1.1.0.202305231506/tools/bin/../lib/gcc/arm-none-eabi/11.3.1/../../../../arm-none-eabi/lib/thumb/v7-m/nofp\libc_nano.a(libc_a-errno.o)
 .ARM.attributes
                0x00000000000004fd       0x2d D:/STM32CubeIDE_1.13.1/STM32CubeIDE/plugins/com.st.stm32cube.ide.mcu.externaltools.gnu-tools-for-stm32.11.3.rel1.win32_1.1.0.202305231506/tools/bin/../lib/gcc/arm-none-eabi/11.3.1/../../../../arm-none-eabi/lib/thumb/v7-m/nofp\libc_nano.a(libc_a-init.o)
 .ARM.attributes
                0x000000000000052a       0x2d D:/STM32CubeIDE_1.13.1/STM32CubeIDE/plugins/com.st.stm32cube.ide.mcu.externaltools.gnu-tools-for-stm32.11.3.rel1.win32_1.1.0.202305231506/tools/bin/../lib/gcc/arm-none-eabi/11.3.1/../../../../arm-none-eabi/lib/thumb/v7-m/nofp\libc_nano.a(libc_a-lock.o)
 .ARM.attributes
                0x0000000000000557       0x2d D:/STM32CubeIDE_1.13.1/STM32CubeIDE/plugins/com.st.stm32cube.ide.mcu.externaltools.gnu-tools-for-stm32.11.3.rel1.win32_1.1.0.202305231506/tools/bin/../lib/gcc/arm-none-eabi/11.3.1/../../../../arm-none-eabi/lib/thumb/v7-m/nofp\libc_nano.a(libc_a-freer.o)
 .ARM.attributes
                0x0000000000000584       0x2d D:/STM32CubeIDE_1.13.1/STM32CubeIDE/plugins/com.st.stm32cube.ide.mcu.externaltools.gnu-tools-for-stm32.11.3.rel1.win32_1.1.0.202305231506/tools/bin/../lib/gcc/arm-none-eabi/11.3.1/../../../../arm-none-eabi/lib/thumb/v7-m/nofp\libc_nano.a(libc_a-mallocr.o)
 .ARM.attributes
                0x00000000000005b1       0x2d D:/STM32CubeIDE_1.13.1/STM32CubeIDE/plugins/com.st.stm32cube.ide.mcu.externaltools.gnu-tools-for-stm32.11.3.rel1.win32_1.1.0.202305231506/tools/bin/../lib/gcc/arm-none-eabi/11.3.1/../../../../arm-none-eabi/lib/thumb/v7-m/nofp\libc_nano.a(libc_a-mlock.o)
 .ARM.attributes
                0x00000000000005de       0x2d D:/STM32CubeIDE_1.13.1/STM32CubeIDE/plugins/com.st.stm32cube.ide.mcu.externaltools.gnu-tools-for-stm32.11.3.rel1.win32_1.1.0.202305231506/tools/bin/../lib/gcc/arm-none-eabi/11.3.1/../../../../arm-none-eabi/lib/thumb/v7-m/nofp\libc_nano.a(libc_a-nano-svfprintf.o)
 .ARM.attributes
                0x000000000000060b       0x2d D:/STM32CubeIDE_1.13.1/STM32CubeIDE/plugins/com.st.stm32cube.ide.mcu.externaltools.gnu-tools-for-stm32.11.3.rel1.win32_1.1.0.202305231506/tools/bin/../lib/gcc/arm-none-eabi/11.3.1/../../../../arm-none-eabi/lib/thumb/v7-m/nofp\libc_nano.a(libc_a-nano-vfprintf_i.o)
 .ARM.attributes
                0x0000000000000638       0x2d D:/STM32CubeIDE_1.13.1/STM32CubeIDE/plugins/com.st.stm32cube.ide.mcu.externaltools.gnu-tools-for-stm32.11.3.rel1.win32_1.1.0.202305231506/tools/bin/../lib/gcc/arm-none-eabi/11.3.1/../../../../arm-none-eabi/lib/thumb/v7-m/nofp\libc_nano.a(libc_a-memmove.o)
 .ARM.attributes
                0x0000000000000665       0x2d D:/STM32CubeIDE_1.13.1/STM32CubeIDE/plugins/com.st.stm32cube.ide.mcu.externaltools.gnu-tools-for-stm32.11.3.rel1.win32_1.1.0.202305231506/tools/bin/../lib/gcc/arm-none-eabi/11.3.1/../../../../arm-none-eabi/lib/thumb/v7-m/nofp\libc_nano.a(libc_a-sbrkr.o)
 .ARM.attributes
                0x0000000000000692       0x2d D:/STM32CubeIDE_1.13.1/STM32CubeIDE/plugins/com.st.stm32cube.ide.mcu.externaltools.gnu-tools-for-stm32.11.3.rel1.win32_1.1.0.202305231506/tools/bin/../lib/gcc/arm-none-eabi/11.3.1/../../../../arm-none-eabi/lib/thumb/v7-m/nofp\libc_nano.a(libc_a-memchr-stub.o)
 .ARM.attributes
                0x00000000000006bf       0x2d D:/STM32CubeIDE_1.13.1/STM32CubeIDE/plugins/com.st.stm32cube.ide.mcu.externaltools.gnu-tools-for-stm32.11.3.rel1.win32_1.1.0.202305231506/tools/bin/../lib/gcc/arm-none-eabi/11.3.1/../../../../arm-none-eabi/lib/thumb/v7-m/nofp\libc_nano.a(libc_a-memcpy-stub.o)
 .ARM.attributes
                0x00000000000006ec       0x2d D:/STM32CubeIDE_1.13.1/STM32CubeIDE/plugins/com.st.stm32cube.ide.mcu.externaltools.gnu-tools-for-stm32.11.3.rel1.win32_1.1.0.202305231506/tools/bin/../lib/gcc/arm-none-eabi/11.3.1/../../../../arm-none-eabi/lib/thumb/v7-m/nofp\libc_nano.a(libc_a-reallocr.o)
 .ARM.attributes
                0x0000000000000719       0x2d D:/STM32CubeIDE_1.13.1/STM32CubeIDE/plugins/com.st.stm32cube.ide.mcu.externaltools.gnu-tools-for-stm32.11.3.rel1.win32_1.1.0.202305231506/tools/bin/../lib/gcc/arm-none-eabi/11.3.1/../../../../arm-none-eabi/lib/thumb/v7-m/nofp\libc_nano.a(libc_a-msizer.o)
 .ARM.attributes
                0x0000000000000746       0x1d D:/STM32CubeIDE_1.13.1/STM32CubeIDE/plugins/com.st.stm32cube.ide.mcu.externaltools.gnu-tools-for-stm32.11.3.rel1.win32_1.1.0.202305231506/tools/bin/../lib/gcc/arm-none-eabi/11.3.1/thumb/v7-m/nofp/crtn.o
OUTPUT(lab5.elf elf32-littlearm)
LOAD linker stubs
LOAD D:/STM32CubeIDE_1.13.1/STM32CubeIDE/plugins/com.st.stm32cube.ide.mcu.externaltools.gnu-tools-for-stm32.11.3.rel1.win32_1.1.0.202305231506/tools/bin/../lib/gcc/arm-none-eabi/11.3.1/../../../../arm-none-eabi/lib/thumb/v7-m/nofp\libc.a
LOAD D:/STM32CubeIDE_1.13.1/STM32CubeIDE/plugins/com.st.stm32cube.ide.mcu.externaltools.gnu-tools-for-stm32.11.3.rel1.win32_1.1.0.202305231506/tools/bin/../lib/gcc/arm-none-eabi/11.3.1/../../../../arm-none-eabi/lib/thumb/v7-m/nofp\libm.a
LOAD D:/STM32CubeIDE_1.13.1/STM32CubeIDE/plugins/com.st.stm32cube.ide.mcu.externaltools.gnu-tools-for-stm32.11.3.rel1.win32_1.1.0.202305231506/tools/bin/../lib/gcc/arm-none-eabi/11.3.1/thumb/v7-m/nofp\libgcc.a

.comment        0x0000000000000000       0x43
 .comment       0x0000000000000000       0x43 D:/STM32CubeIDE_1.13.1/STM32CubeIDE/plugins/com.st.stm32cube.ide.mcu.externaltools.gnu-tools-for-stm32.11.3.rel1.win32_1.1.0.202305231506/tools/bin/../lib/gcc/arm-none-eabi/11.3.1/thumb/v7-m/nofp/crtbegin.o
                                         0x44 (size before relaxing)
 .comment       0x0000000000000043       0x44 ./Core/Src/auto.o
 .comment       0x0000000000000043       0x44 ./Core/Src/button.o
 .comment       0x0000000000000043       0x44 ./Core/Src/display.o
 .comment       0x0000000000000043       0x44 ./Core/Src/global.o
 .comment       0x0000000000000043       0x44 ./Core/Src/main.o
 .comment       0x0000000000000043       0x44 ./Core/Src/manual.o
 .comment       0x0000000000000043       0x44 ./Core/Src/scheduler.o
 .comment       0x0000000000000043       0x44 ./Core/Src/stm32f1xx_hal_msp.o
 .comment       0x0000000000000043       0x44 ./Core/Src/stm32f1xx_it.o
 .comment       0x0000000000000043       0x44 ./Core/Src/sysmem.o
 .comment       0x0000000000000043       0x44 ./Core/Src/system_stm32f1xx.o
 .comment       0x0000000000000043       0x44 ./Drivers/STM32F1xx_HAL_Driver/Src/stm32f1xx_hal.o
 .comment       0x0000000000000043       0x44 ./Drivers/STM32F1xx_HAL_Driver/Src/stm32f1xx_hal_cortex.o
 .comment       0x0000000000000043       0x44 ./Drivers/STM32F1xx_HAL_Driver/Src/stm32f1xx_hal_dma.o
 .comment       0x0000000000000043       0x44 ./Drivers/STM32F1xx_HAL_Driver/Src/stm32f1xx_hal_gpio.o
 .comment       0x0000000000000043       0x44 ./Drivers/STM32F1xx_HAL_Driver/Src/stm32f1xx_hal_pwr.o
 .comment       0x0000000000000043       0x44 ./Drivers/STM32F1xx_HAL_Driver/Src/stm32f1xx_hal_rcc.o
 .comment       0x0000000000000043       0x44 ./Drivers/STM32F1xx_HAL_Driver/Src/stm32f1xx_hal_tim.o
 .comment       0x0000000000000043       0x44 ./Drivers/STM32F1xx_HAL_Driver/Src/stm32f1xx_hal_tim_ex.o
 .comment       0x0000000000000043       0x44 ./Drivers/STM32F1xx_HAL_Driver/Src/stm32f1xx_hal_uart.o

.debug_info     0x0000000000000000     0xd788
 .debug_info    0x0000000000000000      0x303 ./Core/Src/auto.o
 .debug_info    0x0000000000000303      0x26a ./Core/Src/button.o
 .debug_info    0x000000000000056d      0x3a6 ./Core/Src/display.o
 .debug_info    0x0000000000000913      0x1a4 ./Core/Src/global.o
 .debug_info    0x0000000000000ab7      0xef8 ./Core/Src/main.o
 .debug_info    0x00000000000019af      0x2fb ./Core/Src/manual.o
 .debug_info    0x0000000000001caa      0x78f ./Core/Src/scheduler.o
 .debug_info    0x0000000000002439      0xd0f ./Core/Src/stm32f1xx_hal_msp.o
 .debug_info    0x0000000000003148      0x94c ./Core/Src/stm32f1xx_it.o
 .debug_info    0x0000000000003a94      0x168 ./Core/Src/sysmem.o
 .debug_info    0x0000000000003bfc      0x222 ./Core/Src/system_stm32f1xx.o
 .debug_info    0x0000000000003e1e       0x23 ./Core/Startup/startup_stm32f103c6ux.o
 .debug_info    0x0000000000003e41      0x6e6 ./Drivers/STM32F1xx_HAL_Driver/Src/stm32f1xx_hal.o
 .debug_info    0x0000000000004527      0xa69 ./Drivers/STM32F1xx_HAL_Driver/Src/stm32f1xx_hal_cortex.o
 .debug_info    0x0000000000004f90      0x6d2 ./Drivers/STM32F1xx_HAL_Driver/Src/stm32f1xx_hal_dma.o
 .debug_info    0x0000000000005662      0x5ab ./Drivers/STM32F1xx_HAL_Driver/Src/stm32f1xx_hal_gpio.o
 .debug_info    0x0000000000005c0d      0x628 ./Drivers/STM32F1xx_HAL_Driver/Src/stm32f1xx_hal_pwr.o
 .debug_info    0x0000000000006235      0x7d5 ./Drivers/STM32F1xx_HAL_Driver/Src/stm32f1xx_hal_rcc.o
 .debug_info    0x0000000000006a0a     0x293b ./Drivers/STM32F1xx_HAL_Driver/Src/stm32f1xx_hal_tim.o
 .debug_info    0x0000000000009345     0x149b ./Drivers/STM32F1xx_HAL_Driver/Src/stm32f1xx_hal_tim_ex.o
 .debug_info    0x000000000000a7e0     0x2fa8 ./Drivers/STM32F1xx_HAL_Driver/Src/stm32f1xx_hal_uart.o

.debug_abbrev   0x0000000000000000     0x26ed
 .debug_abbrev  0x0000000000000000      0x156 ./Core/Src/auto.o
 .debug_abbrev  0x0000000000000156      0x177 ./Core/Src/button.o
 .debug_abbrev  0x00000000000002cd      0x1a7 ./Core/Src/display.o
 .debug_abbrev  0x0000000000000474       0x94 ./Core/Src/global.o
 .debug_abbrev  0x0000000000000508      0x325 ./Core/Src/main.o
 .debug_abbrev  0x000000000000082d      0x19a ./Core/Src/manual.o
 .debug_abbrev  0x00000000000009c7      0x239 ./Core/Src/scheduler.o
 .debug_abbrev  0x0000000000000c00      0x1dd ./Core/Src/stm32f1xx_hal_msp.o
 .debug_abbrev  0x0000000000000ddd      0x19b ./Core/Src/stm32f1xx_it.o
 .debug_abbrev  0x0000000000000f78       0xbc ./Core/Src/sysmem.o
 .debug_abbrev  0x0000000000001034      0x13f ./Core/Src/system_stm32f1xx.o
 .debug_abbrev  0x0000000000001173       0x12 ./Core/Startup/startup_stm32f103c6ux.o
 .debug_abbrev  0x0000000000001185      0x201 ./Drivers/STM32F1xx_HAL_Driver/Src/stm32f1xx_hal.o
 .debug_abbrev  0x0000000000001386      0x2f8 ./Drivers/STM32F1xx_HAL_Driver/Src/stm32f1xx_hal_cortex.o
 .debug_abbrev  0x000000000000167e      0x20b ./Drivers/STM32F1xx_HAL_Driver/Src/stm32f1xx_hal_dma.o
 .debug_abbrev  0x0000000000001889      0x1ca ./Drivers/STM32F1xx_HAL_Driver/Src/stm32f1xx_hal_gpio.o
 .debug_abbrev  0x0000000000001a53      0x1f6 ./Drivers/STM32F1xx_HAL_Driver/Src/stm32f1xx_hal_pwr.o
 .debug_abbrev  0x0000000000001c49      0x2b3 ./Drivers/STM32F1xx_HAL_Driver/Src/stm32f1xx_hal_rcc.o
 .debug_abbrev  0x0000000000001efc      0x277 ./Drivers/STM32F1xx_HAL_Driver/Src/stm32f1xx_hal_tim.o
 .debug_abbrev  0x0000000000002173      0x282 ./Drivers/STM32F1xx_HAL_Driver/Src/stm32f1xx_hal_tim_ex.o
 .debug_abbrev  0x00000000000023f5      0x2f8 ./Drivers/STM32F1xx_HAL_Driver/Src/stm32f1xx_hal_uart.o

.debug_aranges  0x0000000000000000      0xe78
 .debug_aranges
                0x0000000000000000       0x40 ./Core/Src/auto.o
 .debug_aranges
                0x0000000000000040       0x30 ./Core/Src/button.o
 .debug_aranges
                0x0000000000000070       0xa8 ./Core/Src/display.o
 .debug_aranges
                0x0000000000000118       0x20 ./Core/Src/global.o
 .debug_aranges
                0x0000000000000138       0x50 ./Core/Src/main.o
 .debug_aranges
                0x0000000000000188       0x50 ./Core/Src/manual.o
 .debug_aranges
                0x00000000000001d8       0x50 ./Core/Src/scheduler.o
 .debug_aranges
                0x0000000000000228       0x40 ./Core/Src/stm32f1xx_hal_msp.o
 .debug_aranges
                0x0000000000000268       0x70 ./Core/Src/stm32f1xx_it.o
 .debug_aranges
                0x00000000000002d8       0x20 ./Core/Src/sysmem.o
 .debug_aranges
                0x00000000000002f8       0x28 ./Core/Src/system_stm32f1xx.o
 .debug_aranges
                0x0000000000000320       0x28 ./Core/Startup/startup_stm32f103c6ux.o
 .debug_aranges
                0x0000000000000348       0xe0 ./Drivers/STM32F1xx_HAL_Driver/Src/stm32f1xx_hal.o
 .debug_aranges
                0x0000000000000428      0x100 ./Drivers/STM32F1xx_HAL_Driver/Src/stm32f1xx_hal_cortex.o
 .debug_aranges
                0x0000000000000528       0x80 ./Drivers/STM32F1xx_HAL_Driver/Src/stm32f1xx_hal_dma.o
 .debug_aranges
                0x00000000000005a8       0x58 ./Drivers/STM32F1xx_HAL_Driver/Src/stm32f1xx_hal_gpio.o
 .debug_aranges
                0x0000000000000600       0xa8 ./Drivers/STM32F1xx_HAL_Driver/Src/stm32f1xx_hal_pwr.o
 .debug_aranges
                0x00000000000006a8       0x90 ./Drivers/STM32F1xx_HAL_Driver/Src/stm32f1xx_hal_rcc.o
 .debug_aranges
                0x0000000000000738      0x3d0 ./Drivers/STM32F1xx_HAL_Driver/Src/stm32f1xx_hal_tim.o
 .debug_aranges
                0x0000000000000b08      0x168 ./Drivers/STM32F1xx_HAL_Driver/Src/stm32f1xx_hal_tim_ex.o
 .debug_aranges
                0x0000000000000c70      0x208 ./Drivers/STM32F1xx_HAL_Driver/Src/stm32f1xx_hal_uart.o

.debug_rnglists
                0x0000000000000000      0xb31
 .debug_rnglists
                0x0000000000000000       0x2f ./Core/Src/auto.o
 .debug_rnglists
                0x000000000000002f       0x20 ./Core/Src/button.o
 .debug_rnglists
                0x000000000000004f       0x7d ./Core/Src/display.o
 .debug_rnglists
                0x00000000000000cc       0x13 ./Core/Src/global.o
 .debug_rnglists
                0x00000000000000df       0x39 ./Core/Src/main.o
 .debug_rnglists
                0x0000000000000118       0x3a ./Core/Src/manual.o
 .debug_rnglists
                0x0000000000000152       0x3c ./Core/Src/scheduler.o
 .debug_rnglists
                0x000000000000018e       0x2c ./Core/Src/stm32f1xx_hal_msp.o
 .debug_rnglists
                0x00000000000001ba       0x4f ./Core/Src/stm32f1xx_it.o
 .debug_rnglists
                0x0000000000000209       0x13 ./Core/Src/sysmem.o
 .debug_rnglists
                0x000000000000021c       0x1a ./Core/Src/system_stm32f1xx.o
 .debug_rnglists
                0x0000000000000236       0x19 ./Core/Startup/startup_stm32f103c6ux.o
 .debug_rnglists
                0x000000000000024f       0xa3 ./Drivers/STM32F1xx_HAL_Driver/Src/stm32f1xx_hal.o
 .debug_rnglists
                0x00000000000002f2       0xbb ./Drivers/STM32F1xx_HAL_Driver/Src/stm32f1xx_hal_cortex.o
 .debug_rnglists
                0x00000000000003ad       0x64 ./Drivers/STM32F1xx_HAL_Driver/Src/stm32f1xx_hal_dma.o
 .debug_rnglists
                0x0000000000000411       0x3f ./Drivers/STM32F1xx_HAL_Driver/Src/stm32f1xx_hal_gpio.o
 .debug_rnglists
                0x0000000000000450       0x7a ./Drivers/STM32F1xx_HAL_Driver/Src/stm32f1xx_hal_pwr.o
 .debug_rnglists
                0x00000000000004ca       0x6c ./Drivers/STM32F1xx_HAL_Driver/Src/stm32f1xx_hal_rcc.o
 .debug_rnglists
                0x0000000000000536      0x31a ./Drivers/STM32F1xx_HAL_Driver/Src/stm32f1xx_hal_tim.o
 .debug_rnglists
                0x0000000000000850      0x125 ./Drivers/STM32F1xx_HAL_Driver/Src/stm32f1xx_hal_tim_ex.o
 .debug_rnglists
                0x0000000000000975      0x1bc ./Drivers/STM32F1xx_HAL_Driver/Src/stm32f1xx_hal_uart.o

.debug_macro    0x0000000000000000    0x1898e
 .debug_macro   0x0000000000000000      0x338 ./Core/Src/auto.o
 .debug_macro   0x0000000000000338      0xa9c ./Core/Src/auto.o
 .debug_macro   0x0000000000000dd4      0x21b ./Core/Src/auto.o
 .debug_macro   0x0000000000000fef       0x2e ./Core/Src/auto.o
 .debug_macro   0x000000000000101d       0x22 ./Core/Src/auto.o
 .debug_macro   0x000000000000103f       0x22 ./Core/Src/auto.o
 .debug_macro   0x0000000000001061       0x8e ./Core/Src/auto.o
 .debug_macro   0x00000000000010ef       0x51 ./Core/Src/auto.o
 .debug_macro   0x0000000000001140      0x103 ./Core/Src/auto.o
 .debug_macro   0x0000000000001243       0x6a ./Core/Src/auto.o
 .debug_macro   0x00000000000012ad      0x1df ./Core/Src/auto.o
 .debug_macro   0x000000000000148c       0x1c ./Core/Src/auto.o
 .debug_macro   0x00000000000014a8       0x22 ./Core/Src/auto.o
 .debug_macro   0x00000000000014ca       0xbd ./Core/Src/auto.o
 .debug_macro   0x0000000000001587      0xd23 ./Core/Src/auto.o
 .debug_macro   0x00000000000022aa     0xde75 ./Core/Src/auto.o
 .debug_macro   0x000000000001011f       0x6d ./Core/Src/auto.o
 .debug_macro   0x000000000001018c     0x348d ./Core/Src/auto.o
 .debug_macro   0x0000000000013619      0x174 ./Core/Src/auto.o
 .debug_macro   0x000000000001378d       0x5c ./Core/Src/auto.o
 .debug_macro   0x00000000000137e9      0x5bc ./Core/Src/auto.o
 .debug_macro   0x0000000000013da5      0x1b7 ./Core/Src/auto.o
 .debug_macro   0x0000000000013f5c      0x1cb ./Core/Src/auto.o
 .debug_macro   0x0000000000014127      0x114 ./Core/Src/auto.o
 .debug_macro   0x000000000001423b      0x1b2 ./Core/Src/auto.o
 .debug_macro   0x00000000000143ed       0x27 ./Core/Src/auto.o
 .debug_macro   0x0000000000014414      0x12f ./Core/Src/auto.o
 .debug_macro   0x0000000000014543      0x1bc ./Core/Src/auto.o
 .debug_macro   0x00000000000146ff       0x34 ./Core/Src/auto.o
 .debug_macro   0x0000000000014733       0x3c ./Core/Src/auto.o
 .debug_macro   0x000000000001476f       0x57 ./Core/Src/auto.o
 .debug_macro   0x00000000000147c6       0x87 ./Core/Src/auto.o
 .debug_macro   0x000000000001484d      0x183 ./Core/Src/auto.o
 .debug_macro   0x00000000000149d0      0x140 ./Core/Src/auto.o
 .debug_macro   0x0000000000014b10      0x8ed ./Core/Src/auto.o
 .debug_macro   0x00000000000153fd      0x28e ./Core/Src/auto.o
 .debug_macro   0x000000000001568b       0x69 ./Core/Src/auto.o
 .debug_macro   0x00000000000156f4      0x160 ./Core/Src/auto.o
 .debug_macro   0x0000000000015854       0x1c ./Core/Src/auto.o
 .debug_macro   0x0000000000015870       0x61 ./Core/Src/auto.o
 .debug_macro   0x00000000000158d1       0x24 ./Core/Src/auto.o
 .debug_macro   0x00000000000158f5       0x43 ./Core/Src/auto.o
 .debug_macro   0x0000000000015938       0x34 ./Core/Src/auto.o
 .debug_macro   0x000000000001596c       0x16 ./Core/Src/auto.o
 .debug_macro   0x0000000000015982       0x43 ./Core/Src/auto.o
 .debug_macro   0x00000000000159c5       0x34 ./Core/Src/auto.o
 .debug_macro   0x00000000000159f9       0x10 ./Core/Src/auto.o
 .debug_macro   0x0000000000015a09       0x58 ./Core/Src/auto.o
 .debug_macro   0x0000000000015a61       0x8e ./Core/Src/auto.o
 .debug_macro   0x0000000000015aef       0x1c ./Core/Src/auto.o
 .debug_macro   0x0000000000015b0b      0x177 ./Core/Src/auto.o
 .debug_macro   0x0000000000015c82      0x369 ./Core/Src/auto.o
 .debug_macro   0x0000000000015feb       0x10 ./Core/Src/auto.o
 .debug_macro   0x0000000000015ffb       0x35 ./Core/Src/auto.o
 .debug_macro   0x0000000000016030       0x20 ./Core/Src/auto.o
 .debug_macro   0x0000000000016050       0x16 ./Core/Src/auto.o
 .debug_macro   0x0000000000016066       0x16 ./Core/Src/auto.o
 .debug_macro   0x000000000001607c       0x29 ./Core/Src/auto.o
 .debug_macro   0x00000000000160a5       0x1c ./Core/Src/auto.o
 .debug_macro   0x00000000000160c1       0x10 ./Core/Src/auto.o
 .debug_macro   0x00000000000160d1       0x1c ./Core/Src/auto.o
 .debug_macro   0x00000000000160ed       0x16 ./Core/Src/auto.o
 .debug_macro   0x0000000000016103      0x147 ./Core/Src/auto.o
 .debug_macro   0x000000000001624a       0x10 ./Core/Src/auto.o
 .debug_macro   0x000000000001625a      0x1bf ./Core/Src/button.o
 .debug_macro   0x0000000000016419       0x16 ./Core/Src/button.o
 .debug_macro   0x000000000001642f      0x1d7 ./Core/Src/display.o
 .debug_macro   0x0000000000016606      0x1d3 ./Core/Src/global.o
 .debug_macro   0x00000000000167d9      0x340 ./Core/Src/main.o
 .debug_macro   0x0000000000016b19      0x338 ./Core/Src/manual.o
 .debug_macro   0x0000000000016e51      0x2f5 ./Core/Src/scheduler.o
 .debug_macro   0x0000000000017146       0x56 ./Core/Src/scheduler.o
 .debug_macro   0x000000000001719c      0x1b0 ./Core/Src/stm32f1xx_hal_msp.o
 .debug_macro   0x000000000001734c      0x1ba ./Core/Src/stm32f1xx_it.o
 .debug_macro   0x0000000000017506       0xff ./Core/Src/sysmem.o
 .debug_macro   0x0000000000017605      0x23c ./Core/Src/sysmem.o
 .debug_macro   0x0000000000017841      0x1a1 ./Core/Src/system_stm32f1xx.o
 .debug_macro   0x00000000000179e2      0x1c5 ./Drivers/STM32F1xx_HAL_Driver/Src/stm32f1xx_hal.o
 .debug_macro   0x0000000000017ba7      0x1a1 ./Drivers/STM32F1xx_HAL_Driver/Src/stm32f1xx_hal_cortex.o
 .debug_macro   0x0000000000017d48      0x1a1 ./Drivers/STM32F1xx_HAL_Driver/Src/stm32f1xx_hal_dma.o
 .debug_macro   0x0000000000017ee9      0x20c ./Drivers/STM32F1xx_HAL_Driver/Src/stm32f1xx_hal_gpio.o
 .debug_macro   0x00000000000180f5      0x201 ./Drivers/STM32F1xx_HAL_Driver/Src/stm32f1xx_hal_pwr.o
 .debug_macro   0x00000000000182f6      0x1b3 ./Drivers/STM32F1xx_HAL_Driver/Src/stm32f1xx_hal_rcc.o
 .debug_macro   0x00000000000184a9      0x1a2 ./Drivers/STM32F1xx_HAL_Driver/Src/stm32f1xx_hal_tim.o
 .debug_macro   0x000000000001864b      0x1a1 ./Drivers/STM32F1xx_HAL_Driver/Src/stm32f1xx_hal_tim_ex.o
 .debug_macro   0x00000000000187ec      0x1a2 ./Drivers/STM32F1xx_HAL_Driver/Src/stm32f1xx_hal_uart.o

.debug_line     0x0000000000000000    0x11867
 .debug_line    0x0000000000000000      0x9e5 ./Core/Src/auto.o
 .debug_line    0x00000000000009e5      0x7ad ./Core/Src/button.o
 .debug_line    0x0000000000001192      0x9ba ./Core/Src/display.o
 .debug_line    0x0000000000001b4c      0x71f ./Core/Src/global.o
 .debug_line    0x000000000000226b      0xa62 ./Core/Src/main.o
 .debug_line    0x0000000000002ccd      0xa65 ./Core/Src/manual.o
 .debug_line    0x0000000000003732      0xab2 ./Core/Src/scheduler.o
 .debug_line    0x00000000000041e4      0x783 ./Core/Src/stm32f1xx_hal_msp.o
 .debug_line    0x0000000000004967      0x7e3 ./Core/Src/stm32f1xx_it.o
 .debug_line    0x000000000000514a      0x56a ./Core/Src/sysmem.o
 .debug_line    0x00000000000056b4      0x76f ./Core/Src/system_stm32f1xx.o
 .debug_line    0x0000000000005e23       0x78 ./Core/Startup/startup_stm32f103c6ux.o
 .debug_line    0x0000000000005e9b      0x99c ./Drivers/STM32F1xx_HAL_Driver/Src/stm32f1xx_hal.o
 .debug_line    0x0000000000006837      0xb84 ./Drivers/STM32F1xx_HAL_Driver/Src/stm32f1xx_hal_cortex.o
 .debug_line    0x00000000000073bb      0xdf5 ./Drivers/STM32F1xx_HAL_Driver/Src/stm32f1xx_hal_dma.o
 .debug_line    0x00000000000081b0      0xa20 ./Drivers/STM32F1xx_HAL_Driver/Src/stm32f1xx_hal_gpio.o
 .debug_line    0x0000000000008bd0      0x91e ./Drivers/STM32F1xx_HAL_Driver/Src/stm32f1xx_hal_pwr.o
 .debug_line    0x00000000000094ee      0xda5 ./Drivers/STM32F1xx_HAL_Driver/Src/stm32f1xx_hal_rcc.o
 .debug_line    0x000000000000a293     0x343f ./Drivers/STM32F1xx_HAL_Driver/Src/stm32f1xx_hal_tim.o
 .debug_line    0x000000000000d6d2     0x18cb ./Drivers/STM32F1xx_HAL_Driver/Src/stm32f1xx_hal_tim_ex.o
 .debug_line    0x000000000000ef9d     0x28ca ./Drivers/STM32F1xx_HAL_Driver/Src/stm32f1xx_hal_uart.o

.debug_str      0x0000000000000000    0x88ec3
 .debug_str     0x0000000000000000    0x84dd2 ./Core/Src/auto.o
                                      0x85151 (size before relaxing)
 .debug_str     0x0000000000084dd2       0x8a ./Core/Src/button.o
                                      0x81770 (size before relaxing)
 .debug_str     0x0000000000084e5c       0xf4 ./Core/Src/display.o
                                      0x8188d (size before relaxing)
 .debug_str     0x0000000000084f50       0x58 ./Core/Src/global.o
                                      0x81779 (size before relaxing)
 .debug_str     0x0000000000084fa8      0x9e9 ./Core/Src/main.o
                                      0x85b0d (size before relaxing)
 .debug_str     0x0000000000085991       0x67 ./Core/Src/manual.o
                                      0x8511a (size before relaxing)
 .debug_str     0x00000000000859f8       0x8e ./Core/Src/scheduler.o
                                      0x85408 (size before relaxing)
 .debug_str     0x0000000000085a86      0x33a ./Core/Src/stm32f1xx_hal_msp.o
                                      0x8214f (size before relaxing)
 .debug_str     0x0000000000085dc0      0x112 ./Core/Src/stm32f1xx_it.o
                                      0x81e2c (size before relaxing)
 .debug_str     0x0000000000085ed2      0x4dc ./Core/Src/sysmem.o
                                       0x5ff2 (size before relaxing)
 .debug_str     0x00000000000863ae       0x7e ./Core/Src/system_stm32f1xx.o
                                      0x8126e (size before relaxing)
 .debug_str     0x000000000008642c       0x4f ./Core/Startup/startup_stm32f103c6ux.o
 .debug_str     0x000000000008647b      0x38e ./Drivers/STM32F1xx_HAL_Driver/Src/stm32f1xx_hal.o
                                      0x81967 (size before relaxing)
 .debug_str     0x0000000000086809      0x294 ./Drivers/STM32F1xx_HAL_Driver/Src/stm32f1xx_hal_cortex.o
                                      0x818b3 (size before relaxing)
 .debug_str     0x0000000000086a9d      0x235 ./Drivers/STM32F1xx_HAL_Driver/Src/stm32f1xx_hal_dma.o
                                      0x81617 (size before relaxing)
 .debug_str     0x0000000000086cd2      0x2bd ./Drivers/STM32F1xx_HAL_Driver/Src/stm32f1xx_hal_gpio.o
                                      0x815f4 (size before relaxing)
 .debug_str     0x0000000000086f8f      0x4f7 ./Drivers/STM32F1xx_HAL_Driver/Src/stm32f1xx_hal_pwr.o
                                      0x817a5 (size before relaxing)
 .debug_str     0x0000000000087486      0x21d ./Drivers/STM32F1xx_HAL_Driver/Src/stm32f1xx_hal_rcc.o
                                      0x8169d (size before relaxing)
 .debug_str     0x00000000000876a3      0xda3 ./Drivers/STM32F1xx_HAL_Driver/Src/stm32f1xx_hal_tim.o
                                      0x8268f (size before relaxing)
 .debug_str     0x0000000000088446      0x493 ./Drivers/STM32F1xx_HAL_Driver/Src/stm32f1xx_hal_tim_ex.o
                                      0x81eab (size before relaxing)
 .debug_str     0x00000000000888d9      0x5ea ./Drivers/STM32F1xx_HAL_Driver/Src/stm32f1xx_hal_uart.o
                                      0x81d0e (size before relaxing)

.debug_frame    0x0000000000000000     0x3f2c
 .debug_frame   0x0000000000000000       0x9c ./Core/Src/auto.o
 .debug_frame   0x000000000000009c       0x84 ./Core/Src/button.o
 .debug_frame   0x0000000000000120      0x258 ./Core/Src/display.o
 .debug_frame   0x0000000000000378       0x30 ./Core/Src/global.o
 .debug_frame   0x00000000000003a8       0xf0 ./Core/Src/main.o
 .debug_frame   0x0000000000000498       0xdc ./Core/Src/manual.o
 .debug_frame   0x0000000000000574      0x118 ./Core/Src/scheduler.o
 .debug_frame   0x000000000000068c       0xc8 ./Core/Src/stm32f1xx_hal_msp.o
 .debug_frame   0x0000000000000754      0x13c ./Core/Src/stm32f1xx_it.o
 .debug_frame   0x0000000000000890       0x34 ./Core/Src/sysmem.o
 .debug_frame   0x00000000000008c4       0x58 ./Core/Src/system_stm32f1xx.o
 .debug_frame   0x000000000000091c      0x334 ./Drivers/STM32F1xx_HAL_Driver/Src/stm32f1xx_hal.o
 .debug_frame   0x0000000000000c50      0x428 ./Drivers/STM32F1xx_HAL_Driver/Src/stm32f1xx_hal_cortex.o
 .debug_frame   0x0000000000001078      0x208 ./Drivers/STM32F1xx_HAL_Driver/Src/stm32f1xx_hal_dma.o
 .debug_frame   0x0000000000001280      0x14c ./Drivers/STM32F1xx_HAL_Driver/Src/stm32f1xx_hal_gpio.o
 .debug_frame   0x00000000000013cc      0x270 ./Drivers/STM32F1xx_HAL_Driver/Src/stm32f1xx_hal_pwr.o
 .debug_frame   0x000000000000163c      0x218 ./Drivers/STM32F1xx_HAL_Driver/Src/stm32f1xx_hal_rcc.o
 .debug_frame   0x0000000000001854     0x11b8 ./Drivers/STM32F1xx_HAL_Driver/Src/stm32f1xx_hal_tim.o
 .debug_frame   0x0000000000002a0c      0x638 ./Drivers/STM32F1xx_HAL_Driver/Src/stm32f1xx_hal_tim_ex.o
 .debug_frame   0x0000000000003044      0x944 ./Drivers/STM32F1xx_HAL_Driver/Src/stm32f1xx_hal_uart.o
 .debug_frame   0x0000000000003988      0x13c D:/STM32CubeIDE_1.13.1/STM32CubeIDE/plugins/com.st.stm32cube.ide.mcu.externaltools.gnu-tools-for-stm32.11.3.rel1.win32_1.1.0.202305231506/tools/bin/../lib/gcc/arm-none-eabi/11.3.1/../../../../arm-none-eabi/lib/thumb/v7-m/nofp\libc_nano.a(libc_a-findfp.o)
 .debug_frame   0x0000000000003ac4       0x6c D:/STM32CubeIDE_1.13.1/STM32CubeIDE/plugins/com.st.stm32cube.ide.mcu.externaltools.gnu-tools-for-stm32.11.3.rel1.win32_1.1.0.202305231506/tools/bin/../lib/gcc/arm-none-eabi/11.3.1/../../../../arm-none-eabi/lib/thumb/v7-m/nofp\libc_nano.a(libc_a-sprintf.o)
 .debug_frame   0x0000000000003b30       0x20 D:/STM32CubeIDE_1.13.1/STM32CubeIDE/plugins/com.st.stm32cube.ide.mcu.externaltools.gnu-tools-for-stm32.11.3.rel1.win32_1.1.0.202305231506/tools/bin/../lib/gcc/arm-none-eabi/11.3.1/../../../../arm-none-eabi/lib/thumb/v7-m/nofp\libc_nano.a(libc_a-memset.o)
 .debug_frame   0x0000000000003b50       0x38 D:/STM32CubeIDE_1.13.1/STM32CubeIDE/plugins/com.st.stm32cube.ide.mcu.externaltools.gnu-tools-for-stm32.11.3.rel1.win32_1.1.0.202305231506/tools/bin/../lib/gcc/arm-none-eabi/11.3.1/../../../../arm-none-eabi/lib/thumb/v7-m/nofp\libc_nano.a(libc_a-reent.o)
 .debug_frame   0x0000000000003b88       0x20 D:/STM32CubeIDE_1.13.1/STM32CubeIDE/plugins/com.st.stm32cube.ide.mcu.externaltools.gnu-tools-for-stm32.11.3.rel1.win32_1.1.0.202305231506/tools/bin/../lib/gcc/arm-none-eabi/11.3.1/../../../../arm-none-eabi/lib/thumb/v7-m/nofp\libc_nano.a(libc_a-errno.o)
 .debug_frame   0x0000000000003ba8       0x2c D:/STM32CubeIDE_1.13.1/STM32CubeIDE/plugins/com.st.stm32cube.ide.mcu.externaltools.gnu-tools-for-stm32.11.3.rel1.win32_1.1.0.202305231506/tools/bin/../lib/gcc/arm-none-eabi/11.3.1/../../../../arm-none-eabi/lib/thumb/v7-m/nofp\libc_nano.a(libc_a-init.o)
 .debug_frame   0x0000000000003bd4       0xb0 D:/STM32CubeIDE_1.13.1/STM32CubeIDE/plugins/com.st.stm32cube.ide.mcu.externaltools.gnu-tools-for-stm32.11.3.rel1.win32_1.1.0.202305231506/tools/bin/../lib/gcc/arm-none-eabi/11.3.1/../../../../arm-none-eabi/lib/thumb/v7-m/nofp\libc_nano.a(libc_a-lock.o)
 .debug_frame   0x0000000000003c84       0x38 D:/STM32CubeIDE_1.13.1/STM32CubeIDE/plugins/com.st.stm32cube.ide.mcu.externaltools.gnu-tools-for-stm32.11.3.rel1.win32_1.1.0.202305231506/tools/bin/../lib/gcc/arm-none-eabi/11.3.1/../../../../arm-none-eabi/lib/thumb/v7-m/nofp\libc_nano.a(libc_a-freer.o)
 .debug_frame   0x0000000000003cbc       0x50 D:/STM32CubeIDE_1.13.1/STM32CubeIDE/plugins/com.st.stm32cube.ide.mcu.externaltools.gnu-tools-for-stm32.11.3.rel1.win32_1.1.0.202305231506/tools/bin/../lib/gcc/arm-none-eabi/11.3.1/../../../../arm-none-eabi/lib/thumb/v7-m/nofp\libc_nano.a(libc_a-mallocr.o)
 .debug_frame   0x0000000000003d0c       0x30 D:/STM32CubeIDE_1.13.1/STM32CubeIDE/plugins/com.st.stm32cube.ide.mcu.externaltools.gnu-tools-for-stm32.11.3.rel1.win32_1.1.0.202305231506/tools/bin/../lib/gcc/arm-none-eabi/11.3.1/../../../../arm-none-eabi/lib/thumb/v7-m/nofp\libc_nano.a(libc_a-mlock.o)
 .debug_frame   0x0000000000003d3c       0x90 D:/STM32CubeIDE_1.13.1/STM32CubeIDE/plugins/com.st.stm32cube.ide.mcu.externaltools.gnu-tools-for-stm32.11.3.rel1.win32_1.1.0.202305231506/tools/bin/../lib/gcc/arm-none-eabi/11.3.1/../../../../arm-none-eabi/lib/thumb/v7-m/nofp\libc_nano.a(libc_a-nano-svfprintf.o)
 .debug_frame   0x0000000000003dcc       0x60 D:/STM32CubeIDE_1.13.1/STM32CubeIDE/plugins/com.st.stm32cube.ide.mcu.externaltools.gnu-tools-for-stm32.11.3.rel1.win32_1.1.0.202305231506/tools/bin/../lib/gcc/arm-none-eabi/11.3.1/../../../../arm-none-eabi/lib/thumb/v7-m/nofp\libc_nano.a(libc_a-nano-vfprintf_i.o)
 .debug_frame   0x0000000000003e2c       0x28 D:/STM32CubeIDE_1.13.1/STM32CubeIDE/plugins/com.st.stm32cube.ide.mcu.externaltools.gnu-tools-for-stm32.11.3.rel1.win32_1.1.0.202305231506/tools/bin/../lib/gcc/arm-none-eabi/11.3.1/../../../../arm-none-eabi/lib/thumb/v7-m/nofp\libc_nano.a(libc_a-memmove.o)
 .debug_frame   0x0000000000003e54       0x2c D:/STM32CubeIDE_1.13.1/STM32CubeIDE/plugins/com.st.stm32cube.ide.mcu.externaltools.gnu-tools-for-stm32.11.3.rel1.win32_1.1.0.202305231506/tools/bin/../lib/gcc/arm-none-eabi/11.3.1/../../../../arm-none-eabi/lib/thumb/v7-m/nofp\libc_nano.a(libc_a-sbrkr.o)
 .debug_frame   0x0000000000003e80       0x28 D:/STM32CubeIDE_1.13.1/STM32CubeIDE/plugins/com.st.stm32cube.ide.mcu.externaltools.gnu-tools-for-stm32.11.3.rel1.win32_1.1.0.202305231506/tools/bin/../lib/gcc/arm-none-eabi/11.3.1/../../../../arm-none-eabi/lib/thumb/v7-m/nofp\libc_nano.a(libc_a-memchr-stub.o)
 .debug_frame   0x0000000000003ea8       0x28 D:/STM32CubeIDE_1.13.1/STM32CubeIDE/plugins/com.st.stm32cube.ide.mcu.externaltools.gnu-tools-for-stm32.11.3.rel1.win32_1.1.0.202305231506/tools/bin/../lib/gcc/arm-none-eabi/11.3.1/../../../../arm-none-eabi/lib/thumb/v7-m/nofp\libc_nano.a(libc_a-memcpy-stub.o)
 .debug_frame   0x0000000000003ed0       0x3c D:/STM32CubeIDE_1.13.1/STM32CubeIDE/plugins/com.st.stm32cube.ide.mcu.externaltools.gnu-tools-for-stm32.11.3.rel1.win32_1.1.0.202305231506/tools/bin/../lib/gcc/arm-none-eabi/11.3.1/../../../../arm-none-eabi/lib/thumb/v7-m/nofp\libc_nano.a(libc_a-reallocr.o)
 .debug_frame   0x0000000000003f0c       0x20 D:/STM32CubeIDE_1.13.1/STM32CubeIDE/plugins/com.st.stm32cube.ide.mcu.externaltools.gnu-tools-for-stm32.11.3.rel1.win32_1.1.0.202305231506/tools/bin/../lib/gcc/arm-none-eabi/11.3.1/../../../../arm-none-eabi/lib/thumb/v7-m/nofp\libc_nano.a(libc_a-msizer.o)

.debug_line_str
                0x0000000000000000       0x43
 .debug_line_str
                0x0000000000000000       0x43 ./Core/Startup/startup_stm32f103c6ux.o
                                         0x5b (size before relaxing)
